Archive member included to satisfy reference by file (symbol)

.pio\build\mega debug\lib119\libCmdMessenger.a(CmdMessenger.cpp.o)
                              .pio\build\mega debug\src\mobiflight.ino.cpp.o (symbol from plugin) (_ZN12CmdMessengerC1ER6Streamccc)
.pio\build\mega debug\lib0e3\libEEPROMEx.a(EEPROMex.cpp.o)
                              .pio\build\mega debug\src\mobiflight.ino.cpp.o (symbol from plugin) (EEPROM)
.pio\build\mega debug\libc3d\libMF_Modules.a(MFAnalog.cpp.o)
                              .pio\build\mega debug\src\mobiflight.ino.cpp.o (symbol from plugin) (_ZN8MFAnalogC1EhPFvihPKcES1_h)
.pio\build\mega debug\libc3d\libMF_Modules.a(MFButton.cpp.o)
                              .pio\build\mega debug\src\mobiflight.ino.cpp.o (symbol from plugin) (_ZN8MFButtonC1EhPKc)
.pio\build\mega debug\libc3d\libMF_Modules.a(MFEncoder.cpp.o)
                              .pio\build\mega debug\src\mobiflight.ino.cpp.o (symbol from plugin) (_ZN9MFEncoderC1Ev)
.pio\build\mega debug\libc3d\libMF_Modules.a(MFLCDDisplay.cpp.o)
                              .pio\build\mega debug\src\mobiflight.ino.cpp.o (symbol from plugin) (_ZN12MFLCDDisplayC1Ev)
.pio\build\mega debug\libc3d\libMF_Modules.a(MFOutput.cpp.o)
                              .pio\build\mega debug\src\mobiflight.ino.cpp.o (symbol from plugin) (_ZN8MFOutputC1Eh)
.pio\build\mega debug\libc3d\libMF_Modules.a(MFSegments.cpp.o)
                              .pio\build\mega debug\src\mobiflight.ino.cpp.o (symbol from plugin) (_ZN10MFSegmentsC1Ev)
.pio\build\mega debug\libc3d\libMF_Modules.a(MFServo.cpp.o)
                              .pio\build\mega debug\src\mobiflight.ino.cpp.o (symbol from plugin) (_ZN7MFServo6moveToEi)
.pio\build\mega debug\libc3d\libMF_Modules.a(MFShifter.cpp.o)
                              .pio\build\mega debug\src\mobiflight.ino.cpp.o (symbol from plugin) (_ZN9MFShifterC1Ev)
.pio\build\mega debug\libc3d\libMF_Modules.a(MFStepper.cpp.o)
                              .pio\build\mega debug\src\mobiflight.ino.cpp.o (symbol from plugin) (_ZN9MFStepperC1Ehhhhh)
.pio\build\mega debug\libFrameworkArduino.a(HardwareSerial.cpp.o)
                              .pio\build\mega debug\src\mobiflight.ino.cpp.o (symbol from plugin) (_ZN14HardwareSerial5beginEmh)
.pio\build\mega debug\libFrameworkArduino.a(HardwareSerial0.cpp.o)
                              .pio\build\mega debug\src\mobiflight.ino.cpp.o (symbol from plugin) (Serial)
.pio\build\mega debug\libFrameworkArduino.a(Print.cpp.o)
                              HardwareSerial.cpp.o (symbol from plugin) (_ZN5Print5writeEPKhj)
.pio\build\mega debug\libFrameworkArduino.a(Stream.cpp.o)
                              CmdMessenger.cpp.o (symbol from plugin) (_ZN6Stream9readBytesEPcj)
.pio\build\mega debug\libFrameworkArduino.a(WMath.cpp.o)
                              .pio\build\mega debug\src\mobiflight.ino.cpp.o (symbol from plugin) (_Z10randomSeedm)
.pio\build\mega debug\libFrameworkArduino.a(WString.cpp.o)
                              .pio\build\mega debug\src\mobiflight.ino.cpp.o (symbol from plugin) (_ZN6StringD1Ev)
.pio\build\mega debug\libFrameworkArduino.a(abi.cpp.o)
                              Print.cpp.o (symbol from plugin) (__cxa_pure_virtual)
.pio\build\mega debug\libFrameworkArduino.a(main.cpp.o)
                              c:/users/croci.giorgio/.platformio/packages/toolchain-atmelavr@1.70300.191015/bin/../lib/gcc/avr/7.3.0/../../../../avr/lib/avr6/crtatmega2560.o (main)
.pio\build\mega debug\libFrameworkArduino.a(new.cpp.o)
                              .pio\build\mega debug\src\mobiflight.ino.cpp.o (symbol from plugin) (_Znwj)
.pio\build\mega debug\libFrameworkArduino.a(wiring.c.o)
                              .pio\build\mega debug\src\mobiflight.ino.cpp.o (symbol from plugin) (millis)
.pio\build\mega debug\libFrameworkArduino.a(wiring_analog.c.o)
                              .pio\build\mega debug\src\mobiflight.ino.cpp.o (symbol from plugin) (analogRead)
.pio\build\mega debug\libFrameworkArduino.a(wiring_digital.c.o)
                              MFAnalog.cpp.o (symbol from plugin) (pinMode)
.pio\build\mega debug\libFrameworkArduino.a(wiring_shift.c.o)
                              MFShifter.cpp.o (symbol from plugin) (shiftOut)
.pio\build\mega debug\libFrameworkArduino.a(hooks.c.o)
                              wiring.c.o (symbol from plugin) (yield)
.pio\build\mega debug\lib2a7\libServo.a(Servo.cpp.o)
                              MFServo.cpp.o (symbol from plugin) (_ZN5ServoC1Ev)
.pio\build\mega debug\lib04d\libAccelStepper.a(AccelStepper.cpp.o)
                              MFStepper.cpp.o (symbol from plugin) (_ZN12AccelStepper18setCurrentPositionEl)
.pio\build\mega debug\lib1aa\libLedControl.a(LedControl.cpp.o)
                              MFSegments.cpp.o (symbol from plugin) (_ZN10LedControl8shutdownEib)
.pio\build\mega debug\lib163\libLiquidCrystal-I2C.a(LiquidCrystal_I2C.cpp.o)
[...]
Memory Configuration

Name             Origin             Length             Attributes
text             0x00000000         0x00100000         xr
data             0x00800200         0x0000fe00         rw !x
eeprom           0x00810000         0x00010000         rw !x
fuse             0x00820000         0x00000003         rw !x
lock             0x00830000         0x00000400         rw !x
signature        0x00840000         0x00000400         rw !x
user_signatures  0x00850000         0x00000400         rw !x
*default*        0x00000000         0xffffffff

Linker script and memory map

Address of section .data set to 0x800200
LOAD c:/users/croci.giorgio/.platformio/packages/toolchain-atmelavr@1.70300.191015/bin/../lib/gcc/avr/7.3.0/../../../../avr/lib/avr6/crtatmega2560.o
LOAD .pio\build\mega debug\src\mobiflight.ino.cpp.o
LOAD C:\Users\CROCI~1.GIO\AppData\Local\Temp\ccVnGKJE.ltrans0.ltrans.o
START GROUP
LOAD .pio\build\mega debug\lib3d3\libwiring-timer.a
LOAD .pio\build\mega debug\lib2a7\libServo.a
LOAD .pio\build\mega debug\lib04d\libAccelStepper.a
LOAD .pio\build\mega debug\libd72\libButton.a
LOAD .pio\build\mega debug\lib119\libCmdMessenger.a
LOAD .pio\build\mega debug\lib0e3\libEEPROMEx.a
LOAD .pio\build\mega debug\lib1aa\libLedControl.a
LOAD .pio\build\mega debug\lib224\libWire.a
LOAD .pio\build\mega debug\lib163\libLiquidCrystal-I2C.a
LOAD .pio\build\mega debug\lib00c\libTicksPerSecond.a
LOAD .pio\build\mega debug\lib761\libRotaryEncoderShd.a
LOAD .pio\build\mega debug\libc3d\libMF_Modules.a
LOAD .pio\build\mega debug\libFrameworkArduinoVariant.a
LOAD .pio\build\mega debug\libFrameworkArduino.a
END GROUP
LOAD c:/users/croci.giorgio/.platformio/packages/toolchain-atmelavr@1.70300.191015/bin/../lib/gcc/avr/7.3.0/avr6\libgcc.a
LOAD c:/users/croci.giorgio/.platformio/packages/toolchain-atmelavr@1.70300.191015/bin/../lib/gcc/avr/7.3.0/../../../../avr/lib/avr6\libm.a
START GROUP
LOAD c:/users/croci.giorgio/.platformio/packages/toolchain-atmelavr@1.70300.191015/bin/../lib/gcc/avr/7.3.0/avr6\libgcc.a
LOAD c:/users/croci.giorgio/.platformio/packages/toolchain-atmelavr@1.70300.191015/bin/../lib/gcc/avr/7.3.0/../../../../avr/lib/avr6\libm.a
LOAD c:/users/croci.giorgio/.platformio/packages/toolchain-atmelavr@1.70300.191015/bin/../lib/gcc/avr/7.3.0/../../../../avr/lib/avr6\libc.a
LOAD c:/users/croci.giorgio/.platformio/packages/toolchain-atmelavr@1.70300.191015/bin/../lib/gcc/avr/7.3.0/../../../../avr/lib/avr6\libatmega2560.a
END GROUP
                0x00100000                __TEXT_REGION_LENGTH__ = DEFINED (__TEXT_REGION_LENGTH__)?__TEXT_REGION_LENGTH__:0x100000
                0x0000fe00                __DATA_REGION_LENGTH__ = DEFINED (__DATA_REGION_LENGTH__)?__DATA_REGION_LENGTH__:0xfe00
                0x00010000                __EEPROM_REGION_LENGTH__ = DEFINED (__EEPROM_REGION_LENGTH__)?__EEPROM_REGION_LENGTH__:0x10000
                [0x00000003]                __FUSE_REGION_LENGTH__ = DEFINED (__FUSE_REGION_LENGTH__)?__FUSE_REGION_LENGTH__:0x400
                0x00000400                __LOCK_REGION_LENGTH__ = DEFINED (__LOCK_REGION_LENGTH__)?__LOCK_REGION_LENGTH__:0x400
                0x00000400                __SIGNATURE_REGION_LENGTH__ = DEFINED (__SIGNATURE_REGION_LENGTH__)?__SIGNATURE_REGION_LENGTH__:0x400
                0x00000400                __USER_SIGNATURE_REGION_LENGTH__ = DEFINED (__USER_SIGNATURE_REGION_LENGTH__)?__USER_SIGNATURE_REGION_LENGTH__:0x400

.hash
 *(.hash)

.dynsym
 *(.dynsym)

.dynstr
 *(.dynstr)

.gnu.version
 *(.gnu.version)

.gnu.version_d
 *(.gnu.version_d)

.gnu.version_r
 *(.gnu.version_r)

.rel.init
 *(.rel.init)

.rela.init
 *(.rela.init)

.rel.text
 *(.rel.text)
 *(.rel.text.*)
 *(.rel.gnu.linkonce.t*)

.rela.text
 *(.rela.text)
 *(.rela.text.*)
 *(.rela.gnu.linkonce.t*)

.rel.fini
 *(.rel.fini)

.rela.fini
 *(.rela.fini)

.rel.rodata
 *(.rel.rodata)
 *(.rel.rodata.*)
 *(.rel.gnu.linkonce.r*)

.rela.rodata
 *(.rela.rodata)
 *(.rela.rodata.*)
 *(.rela.gnu.linkonce.r*)

.rel.data
 *(.rel.data)
 *(.rel.data.*)
 *(.rel.gnu.linkonce.d*)

.rela.data
 *(.rela.data)
 *(.rela.data.*)
 *(.rela.gnu.linkonce.d*)

.rel.ctors
 *(.rel.ctors)

.rela.ctors
 *(.rela.ctors)

.rel.dtors
 *(.rel.dtors)

.rela.dtors
 *(.rela.dtors)

.rel.got
 *(.rel.got)

.rela.got
 *(.rela.got)

.rel.bss
 *(.rel.bss)

.rela.bss
 *(.rela.bss)

.rel.plt
 *(.rel.plt)

.rela.plt
 *(.rela.plt)

.text           0x00000000     0x8d70
 *(.vectors)
 .vectors       0x00000000       0xe4 c:/users/croci.giorgio/.platformio/packages/toolchain-atmelavr@1.70300.191015/bin/../lib/gcc/avr/7.3.0/../../../../avr/lib/avr6/crtatmega2560.o
                0x00000000                __vector_default
                0x00000000                __vectors
 *(.vectors)
 *(.progmem.gcc*)
                0x000000e4                . = ALIGN (0x2)
                0x000000e4                __trampolines_start = .
 *(.trampolines)
 .trampolines   0x000000e4      0x1d4 linker stubs
 *(.trampolines*)
                0x000002b8                __trampolines_end = .
 *libprintf_flt.a:*(.progmem.data)
 *libc.a:*(.progmem.data)
 *(.progmem*)
 .progmem.data  0x000002b8      0x2b3 C:\Users\CROCI~1.GIO\AppData\Local\Temp\ccVnGKJE.ltrans0.ltrans.o
                0x0000056c                . = ALIGN (0x2)
 *fill*         0x0000056b        0x1 
 *(.jumptables)
 *(.jumptables*)
 *(.lowtext)
 *(.lowtext*)
                0x0000056c                __ctors_start = .
 *(.ctors)
 .ctors         0x0000056c        0x2 C:\Users\CROCI~1.GIO\AppData\Local\Temp\ccVnGKJE.ltrans0.ltrans.o
                0x0000056e                __ctors_end = .
                0x0000056e                __dtors_start = .
 *(.dtors)
                0x0000056e                __dtors_end = .
 SORT(*)(.ctors)
 SORT(*)(.dtors)
 *(.init0)
 .init0         0x0000056e        0x0 c:/users/croci.giorgio/.platformio/packages/toolchain-atmelavr@1.70300.191015/bin/../lib/gcc/avr/7.3.0/../../../../avr/lib/avr6/crtatmega2560.o
                0x0000056e                __init
 *(.init0)
 *(.init1)
 *(.init1)
 *(.init2)
 .init2         0x0000056e       0x10 c:/users/croci.giorgio/.platformio/packages/toolchain-atmelavr@1.70300.191015/bin/../lib/gcc/avr/7.3.0/../../../../avr/lib/avr6/crtatmega2560.o
 *(.init2)
 *(.init3)
 *(.init3)
 *(.init4)
 .init4         0x0000057e       0x1a c:/users/croci.giorgio/.platformio/packages/toolchain-atmelavr@1.70300.191015/bin/../lib/gcc/avr/7.3.0/avr6\libgcc.a(_copy_data.o)
                0x0000057e                __do_copy_data
 .init4         0x00000598       0x10 c:/users/croci.giorgio/.platformio/packages/toolchain-atmelavr@1.70300.191015/bin/../lib/gcc/avr/7.3.0/avr6\libgcc.a(_clear_bss.o)
                0x00000598                __do_clear_bss
 *(.init4)
 *(.init5)
 *(.init5)
 *(.init6)
 .init6         0x000005a8       0x20 c:/users/croci.giorgio/.platformio/packages/toolchain-atmelavr@1.70300.191015/bin/../lib/gcc/avr/7.3.0/avr6\libgcc.a(_ctors.o)
                0x000005a8                __do_global_ctors
 *(.init6)
 *(.init7)
 *(.init7)
 *(.init8)
 *(.init8)
 *(.init9)
 .init9         0x000005c8        0x8 c:/users/croci.giorgio/.platformio/packages/toolchain-atmelavr@1.70300.191015/bin/../lib/gcc/avr/7.3.0/../../../../avr/lib/avr6/crtatmega2560.o
 *(.init9)
 *(.text)
 .text          0x000005d0        0x4 c:/users/croci.giorgio/.platformio/packages/toolchain-atmelavr@1.70300.191015/bin/../lib/gcc/avr/7.3.0/../../../../avr/lib/avr6/crtatmega2560.o
                0x000005d0                __vector_38
                0x000005d0                __vector_22
                0x000005d0                __vector_28
                0x000005d0                __vector_1
                0x000005d0                __vector_34
                0x000005d0                __vector_24
                0x000005d0                __vector_12
                0x000005d0                __vector_55
                0x000005d0                __vector_46
                0x000005d0                __bad_interrupt
                0x000005d0                __vector_6
                0x000005d0                __vector_31
                0x000005d0                __vector_35
                0x000005d0                __vector_3
                0x000005d0                __vector_30
                0x000005d0                __vector_45
                0x000005d0                __vector_11
                0x000005d0                __vector_54
                0x000005d0                __vector_13
                0x000005d0                __vector_19
                0x000005d0                __vector_56
                0x000005d0                __vector_7
                0x000005d0                __vector_49
                0x000005d0                __vector_41
                0x000005d0                __vector_43
                0x000005d0                __vector_27
                0x000005d0                __vector_5
                0x000005d0                __vector_33
                0x000005d0                __vector_52
                0x000005d0                __vector_37
                0x000005d0                __vector_4
                0x000005d0                __vector_44
                0x000005d0                __vector_51
                0x000005d0                __vector_9
                0x000005d0                __vector_2
                0x000005d0                __vector_21
                0x000005d0                __vector_15
                0x000005d0                __vector_36
                0x000005d0                __vector_29
                0x000005d0                __vector_40
                0x000005d0                __vector_8
                0x000005d0                __vector_48
                0x000005d0                __vector_14
                0x000005d0                __vector_53
                0x000005d0                __vector_10
                0x000005d0                __vector_50
                0x000005d0                __vector_16
                0x000005d0                __vector_18
                0x000005d0                __vector_20
 .text          0x000005d4     0x7478 C:\Users\CROCI~1.GIO\AppData\Local\Temp\ccVnGKJE.ltrans0.ltrans.o
                0x00006e94                __vector_39
                0x0000726c                __vector_47
                0x000073f0                __vector_42
                0x00007588                __vector_32
                0x00007720                __vector_17
                0x000078b8                __vector_23
                0x0000796e                main
                0x00007980                __vector_26
                0x000079d4                __vector_25
                0x00007a4c                . = ALIGN (0x2)
 *(.text.*)
 .text.avr-libc
                0x00007a4c      0x148 c:/users/croci.giorgio/.platformio/packages/toolchain-atmelavr@1.70300.191015/bin/../lib/gcc/avr/7.3.0/../../../../avr/lib/avr6\libc.a(random.o)
                0x00007a4c                random_r
                0x00007ae4                random
                0x00007b82                srandom
 .text.avr-libc
                0x00007b94       0x3c c:/users/croci.giorgio/.platformio/packages/toolchain-atmelavr@1.70300.191015/bin/../lib/gcc/avr/7.3.0/../../../../avr/lib/avr6\libc.a(atoi.o)
                0x00007b94                atoi
 .text.avr-libc
                0x00007bd0       0x4e c:/users/croci.giorgio/.platformio/packages/toolchain-atmelavr@1.70300.191015/bin/../lib/gcc/avr/7.3.0/../../../../avr/lib/avr6\libc.a(atol.o)
                0x00007bd0                atol
 .text.avr-libc
                0x00007c1e        0x8 c:/users/croci.giorgio/.platformio/packages/toolchain-atmelavr@1.70300.191015/bin/../lib/gcc/avr/7.3.0/../../../../avr/lib/avr6\libc.a(strtok.o)
                0x00007c1e                strtok
 .text.avr-libc
                0x00007c26       0x4e c:/users/croci.giorgio/.platformio/packages/toolchain-atmelavr@1.70300.191015/bin/../lib/gcc/avr/7.3.0/../../../../avr/lib/avr6\libc.a(strtok_r.o)
                0x00007c26                strtok_r
 .text.avr-libc
                0x00007c74       0x2a c:/users/croci.giorgio/.platformio/packages/toolchain-atmelavr@1.70300.191015/bin/../lib/gcc/avr/7.3.0/../../../../avr/lib/avr6\libc.a(mulsi10.o)
                0x00007c74                __mulsi_const_10
 .text.avr-libc
                0x00007c9e       0x10 c:/users/croci.giorgio/.platformio/packages/toolchain-atmelavr@1.70300.191015/bin/../lib/gcc/avr/7.3.0/../../../../avr/lib/avr6\libc.a(mul10.o)
                0x00007c9e                __mulhi_const_10
 .text.avr-libc.fplib
                0x00007cae        0xa c:/users/croci.giorgio/.platformio/packages/toolchain-atmelavr@1.70300.191015/bin/../lib/gcc/avr/7.3.0/../../../../avr/lib/avr6\libc.a(cmpsf2.o)
                0x00007cae                __nesf2
                0x00007cae                __eqsf2
                0x00007cae                __cmpsf2
                0x00007cae                __ltsf2
                0x00007cae                __lesf2
 .text.avr-libc.fplib
                0x00007cb8       0x7a c:/users/croci.giorgio/.platformio/packages/toolchain-atmelavr@1.70300.191015/bin/../lib/gcc/avr/7.3.0/../../../../avr/lib/avr6\libc.a(floatsisf.o)
                0x00007cb8                __floatunsisf
                0x00007cbc                __floatsisf
 .text.avr-libc.fplib
                0x00007d32       0x48 c:/users/croci.giorgio/.platformio/packages/toolchain-atmelavr@1.70300.191015/bin/../lib/gcc/avr/7.3.0/../../../../avr/lib/avr6\libc.a(fp_cmp.o)
                0x00007d32                __fp_cmp
 .text.avr-libc.fplib
                0x00007d7a        0x8 c:/users/croci.giorgio/.platformio/packages/toolchain-atmelavr@1.70300.191015/bin/../lib/gcc/avr/7.3.0/../../../../avr/lib/avr6\libc.a(mulsf3.o)
                0x00007d7a                __mulsf3
 .text.avr-libc.fplib
                0x00007d82       0xd2 c:/users/croci.giorgio/.platformio/packages/toolchain-atmelavr@1.70300.191015/bin/../lib/gcc/avr/7.3.0/../../../../avr/lib/avr6\libc.a(mulsf3x.o)
                0x00007da0                __mulsf3x
                0x00007da6                __mulsf3_pse
 .text.avr-libc.fplib
                0x00007e54        0xc c:/users/croci.giorgio/.platformio/packages/toolchain-atmelavr@1.70300.191015/bin/../lib/gcc/avr/7.3.0/../../../../avr/lib/avr6\libc.a(fp_inf.o)
                0x00007e54                __fp_inf
 .text.avr-libc.fplib
                0x00007e60        0x6 c:/users/croci.giorgio/.platformio/packages/toolchain-atmelavr@1.70300.191015/bin/../lib/gcc/avr/7.3.0/../../../../avr/lib/avr6\libc.a(fp_nan.o)
                0x00007e60                __fp_nan
 .text.avr-libc.fplib
                0x00007e66        0xe c:/users/croci.giorgio/.platformio/packages/toolchain-atmelavr@1.70300.191015/bin/../lib/gcc/avr/7.3.0/../../../../avr/lib/avr6\libc.a(fp_pscA.o)
                0x00007e66                __fp_pscA
 .text.avr-libc.fplib
                0x00007e74        0xe c:/users/croci.giorgio/.platformio/packages/toolchain-atmelavr@1.70300.191015/bin/../lib/gcc/avr/7.3.0/../../../../avr/lib/avr6\libc.a(fp_pscB.o)
                0x00007e74                __fp_pscB
 .text.avr-libc.fplib
                0x00007e82       0x22 c:/users/croci.giorgio/.platformio/packages/toolchain-atmelavr@1.70300.191015/bin/../lib/gcc/avr/7.3.0/../../../../avr/lib/avr6\libc.a(fp_round.o)
                0x00007e82                __fp_round
 .text.avr-libc.fplib
                0x00007ea4       0x44 c:/users/croci.giorgio/.platformio/packages/toolchain-atmelavr@1.70300.191015/bin/../lib/gcc/avr/7.3.0/../../../../avr/lib/avr6\libc.a(fp_split3.o)
                0x00007ea4                __fp_split3
                0x00007eb4                __fp_splitA
 .text.avr-libc.fplib
                0x00007ee8        0xe c:/users/croci.giorgio/.platformio/packages/toolchain-atmelavr@1.70300.191015/bin/../lib/gcc/avr/7.3.0/../../../../avr/lib/avr6\libc.a(fp_zero.o)
                0x00007ee8                __fp_zero
                0x00007eea                __fp_szero
 .text.avr-libc
                0x00007ef6       0x20 c:/users/croci.giorgio/.platformio/packages/toolchain-atmelavr@1.70300.191015/bin/../lib/gcc/avr/7.3.0/../../../../avr/lib/avr6\libatmega2560.a(eerd_block.o)
                0x00007ef6                eeprom_read_block
                0x00007efa                eeprom_read_blraw
 .text.avr-libc
                0x00007f16       0x14 c:/users/croci.giorgio/.platformio/packages/toolchain-atmelavr@1.70300.191015/bin/../lib/gcc/avr/7.3.0/../../../../avr/lib/avr6\libatmega2560.a(eewr_block.o)
                0x00007f16                eeprom_write_block
 .text.avr-libc
                0x00007f2a       0x1c c:/users/croci.giorgio/.platformio/packages/toolchain-atmelavr@1.70300.191015/bin/../lib/gcc/avr/7.3.0/../../../../avr/lib/avr6\libatmega2560.a(eewr_byte.o)
                0x00007f2a                eeprom_write_byte
                0x00007f2c                eeprom_write_r18
 .text.libgcc.div
                0x00007f46       0x2e c:/users/croci.giorgio/.platformio/packages/toolchain-atmelavr@1.70300.191015/bin/../lib/gcc/avr/7.3.0/avr6\libgcc.a(_divmodsi4.o)
                0x00007f46                __divmodsi4
 .text.libgcc.div
                0x00007f74       0x10 c:/users/croci.giorgio/.platformio/packages/toolchain-atmelavr@1.70300.191015/bin/../lib/gcc/avr/7.3.0/avr6\libgcc.a(_negsi2.o)
                0x00007f74                __negsi2
 .text.libgcc.mul
                0x00007f84       0x16 c:/users/croci.giorgio/.platformio/packages/toolchain-atmelavr@1.70300.191015/bin/../lib/gcc/avr/7.3.0/avr6\libgcc.a(_muluhisi3.o)
                0x00007f84                __muluhisi3
 .text.libgcc.mul
                0x00007f9a       0x10 c:/users/croci.giorgio/.platformio/packages/toolchain-atmelavr@1.70300.191015/bin/../lib/gcc/avr/7.3.0/avr6\libgcc.a(_mulshisi3.o)
                0x00007f9a                __mulshisi3
                0x00007fa0                __mulohisi3
 .text.libgcc.div
                0x00007faa       0x44 c:/users/croci.giorgio/.platformio/packages/toolchain-atmelavr@1.70300.191015/bin/../lib/gcc/avr/7.3.0/avr6\libgcc.a(_udivmodsi4.o)
                0x00007faa                __udivmodsi4
 .text.libgcc.mul
                0x00007fee       0x1e c:/users/croci.giorgio/.platformio/packages/toolchain-atmelavr@1.70300.191015/bin/../lib/gcc/avr/7.3.0/avr6\libgcc.a(_umulhisi3.o)
                0x00007fee                __umulhisi3
 .text.libgcc.mul
                0x0000800c       0x20 c:/users/croci.giorgio/.platformio/packages/toolchain-atmelavr@1.70300.191015/bin/../lib/gcc/avr/7.3.0/avr6\libgcc.a(_mulsi3.o)
                0x0000800c                __mulsi3
 .text.libgcc.div
                0x0000802c       0x28 c:/users/croci.giorgio/.platformio/packages/toolchain-atmelavr@1.70300.191015/bin/../lib/gcc/avr/7.3.0/avr6\libgcc.a(_divmodhi4.o)
                0x0000802c                _div
                0x0000802c                __divmodhi4
 .text.libgcc   0x00008054       0x10 c:/users/croci.giorgio/.platformio/packages/toolchain-atmelavr@1.70300.191015/bin/../lib/gcc/avr/7.3.0/avr6\libgcc.a(_tablejump2.o)
                0x00008054                __tablejump2__
 .text.libgcc.div
                0x00008064       0x28 c:/users/croci.giorgio/.platformio/packages/toolchain-atmelavr@1.70300.191015/bin/../lib/gcc/avr/7.3.0/avr6\libgcc.a(_udivmodhi4.o)
                0x00008064                __udivmodhi4
 .text.avr-libc.fplib
                0x0000808c        0xe c:/users/croci.giorgio/.platformio/packages/toolchain-atmelavr@1.70300.191015/bin/../lib/gcc/avr/7.3.0/../../../../avr/lib/avr6\libm.a(addsf3.o)
                0x0000808c                __subsf3
                0x0000808e                __addsf3
 .text.avr-libc.fplib
                0x0000809a       0xcc c:/users/croci.giorgio/.platformio/packages/toolchain-atmelavr@1.70300.191015/bin/../lib/gcc/avr/7.3.0/../../../../avr/lib/avr6\libm.a(addsf3x.o)
                0x000080bc                __addsf3x
 .text.avr-libc.fplib
                0x00008166        0x8 c:/users/croci.giorgio/.platformio/packages/toolchain-atmelavr@1.70300.191015/bin/../lib/gcc/avr/7.3.0/../../../../avr/lib/avr6\libm.a(divsf3.o)
                0x00008166                __divsf3
 .text.avr-libc.fplib
                0x0000816e       0xdc c:/users/croci.giorgio/.platformio/packages/toolchain-atmelavr@1.70300.191015/bin/../lib/gcc/avr/7.3.0/../../../../avr/lib/avr6\libm.a(divsf3x.o)
                0x0000818e                __divsf3x
                0x00008194                __divsf3_pse
 .text.avr-libc.fplib
                0x0000824a        0xe c:/users/croci.giorgio/.platformio/packages/toolchain-atmelavr@1.70300.191015/bin/../lib/gcc/avr/7.3.0/../../../../avr/lib/avr6\libm.a(fixsfsi.o)
                0x0000824a                __fixsfsi
 .text.avr-libc.fplib
                0x00008258       0x5e c:/users/croci.giorgio/.platformio/packages/toolchain-atmelavr@1.70300.191015/bin/../lib/gcc/avr/7.3.0/../../../../avr/lib/avr6\libm.a(fixunssfsi.o)
                0x00008258                __fixunssfsi
 .text.avr-libc.fplib
                0x000082b6        0xa c:/users/croci.giorgio/.platformio/packages/toolchain-atmelavr@1.70300.191015/bin/../lib/gcc/avr/7.3.0/../../../../avr/lib/avr6\libm.a(gesf2.o)
                0x000082b6                __gesf2
                0x000082b6                __gtsf2
 .text.avr-libc.fplib
                0x000082c0       0x8c c:/users/croci.giorgio/.platformio/packages/toolchain-atmelavr@1.70300.191015/bin/../lib/gcc/avr/7.3.0/../../../../avr/lib/avr6\libm.a(sqrt.o)
                0x000082cc                sqrtf
                0x000082cc                sqrt
 .text.avr-libc.fplib
                0x0000834c       0x1c c:/users/croci.giorgio/.platformio/packages/toolchain-atmelavr@1.70300.191015/bin/../lib/gcc/avr/7.3.0/../../../../avr/lib/avr6\libm.a(fp_mpack.o)
                0x0000834c                __fp_mpack
                0x00008350                __fp_mpack_finite
 .text.avr-libc.fplib
                0x00008368        0xe c:/users/croci.giorgio/.platformio/packages/toolchain-atmelavr@1.70300.191015/bin/../lib/gcc/avr/7.3.0/../../../../avr/lib/avr6\libm.a(fp_norm2.o)
                0x00008368                __fp_norm2
 .text.avr-libc
                0x00008376      0x24a c:/users/croci.giorgio/.platformio/packages/toolchain-atmelavr@1.70300.191015/bin/../lib/gcc/avr/7.3.0/../../../../avr/lib/avr6\libc.a(malloc.o)
                0x00008376                malloc
                0x000084ae                free
 .text.avr-libc
                0x000085c0      0x1c2 c:/users/croci.giorgio/.platformio/packages/toolchain-atmelavr@1.70300.191015/bin/../lib/gcc/avr/7.3.0/../../../../avr/lib/avr6\libc.a(realloc.o)
                0x000085c0                realloc
 .text.avr-libc
                0x00008782       0x12 c:/users/croci.giorgio/.platformio/packages/toolchain-atmelavr@1.70300.191015/bin/../lib/gcc/avr/7.3.0/../../../../avr/lib/avr6\libc.a(memcpy.o)
                0x00008782                memcpy
 .text.avr-libc
                0x00008794        0xe c:/users/croci.giorgio/.platformio/packages/toolchain-atmelavr@1.70300.191015/bin/../lib/gcc/avr/7.3.0/../../../../avr/lib/avr6\libc.a(strcpy.o)
                0x00008794                strcpy
 .text.avr-libc
                0x000087a2       0x1e c:/users/croci.giorgio/.platformio/packages/toolchain-atmelavr@1.70300.191015/bin/../lib/gcc/avr/7.3.0/../../../../avr/lib/avr6\libc.a(strncpy.o)
                0x000087a2                strncpy
 .text.avr-libc
                0x000087c0       0x60 c:/users/croci.giorgio/.platformio/packages/toolchain-atmelavr@1.70300.191015/bin/../lib/gcc/avr/7.3.0/../../../../avr/lib/avr6\libc.a(sprintf.o)
                0x000087c0                sprintf
 .text.avr-libc
                0x00008820      0x404 c:/users/croci.giorgio/.platformio/packages/toolchain-atmelavr@1.70300.191015/bin/../lib/gcc/avr/7.3.0/../../../../avr/lib/avr6\libc.a(vfprintf_std.o)
                0x00008820                vfprintf
 .text.avr-libc
                0x00008c24       0x16 c:/users/croci.giorgio/.platformio/packages/toolchain-atmelavr@1.70300.191015/bin/../lib/gcc/avr/7.3.0/../../../../avr/lib/avr6\libc.a(strnlen_P.o)
                0x00008c24                strnlen_P
 .text.avr-libc
                0x00008c3a       0x16 c:/users/croci.giorgio/.platformio/packages/toolchain-atmelavr@1.70300.191015/bin/../lib/gcc/avr/7.3.0/../../../../avr/lib/avr6\libc.a(strnlen.o)
                0x00008c3a                strnlen
 .text.avr-libc
                0x00008c50       0x60 c:/users/croci.giorgio/.platformio/packages/toolchain-atmelavr@1.70300.191015/bin/../lib/gcc/avr/7.3.0/../../../../avr/lib/avr6\libc.a(fputc.o)
                0x00008c50                fputc
 .text.avr-libc
                0x00008cb0       0xbc c:/users/croci.giorgio/.platformio/packages/toolchain-atmelavr@1.70300.191015/bin/../lib/gcc/avr/7.3.0/../../../../avr/lib/avr6\libc.a(ultoa_invert.o)
                0x00008cb0                __ultoa_invert
                0x00008d6c                . = ALIGN (0x2)
 *(.fini9)
 .fini9         0x00008d6c        0x0 c:/users/croci.giorgio/.platformio/packages/toolchain-atmelavr@1.70300.191015/bin/../lib/gcc/avr/7.3.0/avr6\libgcc.a(_exit.o)
                0x00008d6c                _exit
                0x00008d6c                exit
 *(.fini9)
 *(.fini8)
 *(.fini8)
 *(.fini7)
 *(.fini7)
 *(.fini6)
 *(.fini6)
 *(.fini5)
 *(.fini5)
 *(.fini4)
 *(.fini4)
 *(.fini3)
 *(.fini3)
 *(.fini2)
 *(.fini2)
 *(.fini1)
 *(.fini1)
 *(.fini0)
 .fini0         0x00008d6c        0x4 c:/users/croci.giorgio/.platformio/packages/toolchain-atmelavr@1.70300.191015/bin/../lib/gcc/avr/7.3.0/avr6\libgcc.a(_exit.o)
 *(.fini0)
                0x00008d70                _etext = .

.data           0x00800200      0x19c load address 0x00008d70
                0x00800200                PROVIDE (__data_start, .)
 *(.data)
 .data          0x00800200       0x4f C:\Users\CROCI~1.GIO\AppData\Local\Temp\ccVnGKJE.ltrans0.ltrans.o
 .data          0x0080024f        0x4 c:/users/croci.giorgio/.platformio/packages/toolchain-atmelavr@1.70300.191015/bin/../lib/gcc/avr/7.3.0/../../../../avr/lib/avr6\libc.a(random.o)
 .data          0x00800253        0x6 c:/users/croci.giorgio/.platformio/packages/toolchain-atmelavr@1.70300.191015/bin/../lib/gcc/avr/7.3.0/../../../../avr/lib/avr6\libc.a(malloc.o)
                0x00800253                __malloc_heap_end
                0x00800255                __malloc_heap_start
                0x00800257                __malloc_margin
 *(.data*)
 *(.gnu.linkonce.d*)
 *(.rodata)
 .rodata        0x00800259      0x103 C:\Users\CROCI~1.GIO\AppData\Local\Temp\ccVnGKJE.ltrans0.ltrans.o
 *(.rodata*)
 .rodata.str1.1
                0x0080035c       0x3f C:\Users\CROCI~1.GIO\AppData\Local\Temp\ccVnGKJE.ltrans0.ltrans.o
 *(.gnu.linkonce.r*)
                0x0080039c                . = ALIGN (0x2)
 *fill*         0x0080039b        0x1 
                0x0080039c                _edata = .
                0x0080039c                PROVIDE (__data_end, .)

.bss            0x0080039c      0xfaf
                0x0080039c                PROVIDE (__bss_start, .)
 *(.bss)
 .bss           0x0080039c      0xfa9 C:\Users\CROCI~1.GIO\AppData\Local\Temp\ccVnGKJE.ltrans0.ltrans.o
 .bss           0x00801345        0x2 c:/users/croci.giorgio/.platformio/packages/toolchain-atmelavr@1.70300.191015/bin/../lib/gcc/avr/7.3.0/../../../../avr/lib/avr6\libc.a(strtok.o)
 *(.bss*)
 *(COMMON)
 COMMON         0x00801347        0x4 c:/users/croci.giorgio/.platformio/packages/toolchain-atmelavr@1.70300.191015/bin/../lib/gcc/avr/7.3.0/../../../../avr/lib/avr6\libc.a(malloc.o)
                0x00801347                __brkval
                0x00801349                __flp
                0x0080134b                PROVIDE (__bss_end, .)
                0x00008d70                __data_load_start = LOADADDR (.data)
                0x00008f0c                __data_load_end = (__data_load_start + SIZEOF (.data))

.noinit         0x0080134b        0x0
                [!provide]                PROVIDE (__noinit_start, .)
 *(.noinit*)
                [!provide]                PROVIDE (__noinit_end, .)
                0x0080134b                _end = .
                0x0080134b                PROVIDE (__heap_start, .)

.eeprom         0x00810000        0x0
 *(.eeprom*)
                0x00810000                __eeprom_end = .

.fuse
 *(.fuse)
 *(.lfuse)
 *(.hfuse)
 *(.efuse)

.lock
 *(.lock*)

.signature
 *(.signature*)

.user_signatures
 *(.user_signatures*)

.stab
 *(.stab)

.stabstr
 *(.stabstr)

.stab.excl
 *(.stab.excl)

.stab.exclstr
 *(.stab.exclstr)

.stab.index
 *(.stab.index)

.stab.indexstr
 *(.stab.indexstr)

.comment        0x00000000       0x11
 *(.comment)
 .comment       0x00000000       0x12 C:\Users\CROCI~1.GIO\AppData\Local\Temp\ccVnGKJE.ltrans0.ltrans.o
 .comment       0x00000000       0x11 c:/users/croci.giorgio/.platformio/packages/toolchain-atmelavr@1.70300.191015/bin/../lib/gcc/avr/7.3.0/../../../../avr/lib/avr6\libc.a(random.o)
                                 0x12 (size before relaxing)
 .comment       0x00000011       0x12 c:/users/croci.giorgio/.platformio/packages/toolchain-atmelavr@1.70300.191015/bin/../lib/gcc/avr/7.3.0/../../../../avr/lib/avr6\libc.a(strtok.o)
 .comment       0x00000011       0x12 c:/users/croci.giorgio/.platformio/packages/toolchain-atmelavr@1.70300.191015/bin/../lib/gcc/avr/7.3.0/../../../../avr/lib/avr6\libc.a(malloc.o)
 .comment       0x00000011       0x12 c:/users/croci.giorgio/.platformio/packages/toolchain-atmelavr@1.70300.191015/bin/../lib/gcc/avr/7.3.0/../../../../avr/lib/avr6\libc.a(realloc.o)
 .comment       0x00000011       0x12 c:/users/croci.giorgio/.platformio/packages/toolchain-atmelavr@1.70300.191015/bin/../lib/gcc/avr/7.3.0/../../../../avr/lib/avr6\libc.a(sprintf.o)
 .comment       0x00000011       0x12 c:/users/croci.giorgio/.platformio/packages/toolchain-atmelavr@1.70300.191015/bin/../lib/gcc/avr/7.3.0/../../../../avr/lib/avr6\libc.a(vfprintf_std.o)
 .comment       0x00000011       0x12 c:/users/croci.giorgio/.platformio/packages/toolchain-atmelavr@1.70300.191015/bin/../lib/gcc/avr/7.3.0/../../../../avr/lib/avr6\libc.a(fputc.o)

.note.gnu.avr.deviceinfo
                0x00000000       0x40
 .note.gnu.avr.deviceinfo
                0x00000000       0x40 c:/users/croci.giorgio/.platformio/packages/toolchain-atmelavr@1.70300.191015/bin/../lib/gcc/avr/7.3.0/../../../../avr/lib/avr6/crtatmega2560.o

.note.gnu.build-id
 *(.note.gnu.build-id)

.debug
 *(.debug)

.line
 *(.line)

.debug_srcinfo
 *(.debug_srcinfo)

.debug_sfnames
 *(.debug_sfnames)

.debug_aranges  0x00000000      0x1e0
 *(.debug_aranges)
 .debug_aranges
                0x00000000       0x20 C:\Users\CROCI~1.GIO\AppData\Local\Temp\ccVnGKJE.ltrans0.ltrans.o
 .debug_aranges
                0x00000020       0x20 c:/users/croci.giorgio/.platformio/packages/toolchain-atmelavr@1.70300.191015/bin/../lib/gcc/avr/7.3.0/avr6\libgcc.a(_exit.o)
 .debug_aranges
                0x00000040       0x20 c:/users/croci.giorgio/.platformio/packages/toolchain-atmelavr@1.70300.191015/bin/../lib/gcc/avr/7.3.0/avr6\libgcc.a(_divmodsi4.o)
 .debug_aranges
                0x00000060       0x20 c:/users/croci.giorgio/.platformio/packages/toolchain-atmelavr@1.70300.191015/bin/../lib/gcc/avr/7.3.0/avr6\libgcc.a(_negsi2.o)
 .debug_aranges
                0x00000080       0x20 c:/users/croci.giorgio/.platformio/packages/toolchain-atmelavr@1.70300.191015/bin/../lib/gcc/avr/7.3.0/avr6\libgcc.a(_copy_data.o)
 .debug_aranges
                0x000000a0       0x20 c:/users/croci.giorgio/.platformio/packages/toolchain-atmelavr@1.70300.191015/bin/../lib/gcc/avr/7.3.0/avr6\libgcc.a(_clear_bss.o)
 .debug_aranges
                0x000000c0       0x20 c:/users/croci.giorgio/.platformio/packages/toolchain-atmelavr@1.70300.191015/bin/../lib/gcc/avr/7.3.0/avr6\libgcc.a(_muluhisi3.o)
 .debug_aranges
                0x000000e0       0x20 c:/users/croci.giorgio/.platformio/packages/toolchain-atmelavr@1.70300.191015/bin/../lib/gcc/avr/7.3.0/avr6\libgcc.a(_mulshisi3.o)
 .debug_aranges
                0x00000100       0x20 c:/users/croci.giorgio/.platformio/packages/toolchain-atmelavr@1.70300.191015/bin/../lib/gcc/avr/7.3.0/avr6\libgcc.a(_udivmodsi4.o)
 .debug_aranges
                0x00000120       0x20 c:/users/croci.giorgio/.platformio/packages/toolchain-atmelavr@1.70300.191015/bin/../lib/gcc/avr/7.3.0/avr6\libgcc.a(_umulhisi3.o)
 .debug_aranges
                0x00000140       0x20 c:/users/croci.giorgio/.platformio/packages/toolchain-atmelavr@1.70300.191015/bin/../lib/gcc/avr/7.3.0/avr6\libgcc.a(_mulsi3.o)
 .debug_aranges
                0x00000160       0x20 c:/users/croci.giorgio/.platformio/packages/toolchain-atmelavr@1.70300.191015/bin/../lib/gcc/avr/7.3.0/avr6\libgcc.a(_divmodhi4.o)
 .debug_aranges
                0x00000180       0x20 c:/users/croci.giorgio/.platformio/packages/toolchain-atmelavr@1.70300.191015/bin/../lib/gcc/avr/7.3.0/avr6\libgcc.a(_tablejump2.o)
 .debug_aranges
                0x000001a0       0x20 c:/users/croci.giorgio/.platformio/packages/toolchain-atmelavr@1.70300.191015/bin/../lib/gcc/avr/7.3.0/avr6\libgcc.a(_ctors.o)
 .debug_aranges
                0x000001c0       0x20 c:/users/croci.giorgio/.platformio/packages/toolchain-atmelavr@1.70300.191015/bin/../lib/gcc/avr/7.3.0/avr6\libgcc.a(_udivmodhi4.o)

.debug_pubnames
 *(.debug_pubnames)

.debug_info     0x00000000     0xfd0f
 *(.debug_info .gnu.linkonce.wi.*)
 .debug_info    0x00000000      0xbbc c:/users/croci.giorgio/.platformio/packages/toolchain-atmelavr@1.70300.191015/bin/../lib/gcc/avr/7.3.0/../../../../avr/lib/avr6/crtatmega2560.o
 .debug_info    0x00000bbc     0xe719 C:\Users\CROCI~1.GIO\AppData\Local\Temp\ccVnGKJE.ltrans0.ltrans.o
 .debug_info    0x0000f2d5       0xbb c:/users/croci.giorgio/.platformio/packages/toolchain-atmelavr@1.70300.191015/bin/../lib/gcc/avr/7.3.0/avr6\libgcc.a(_exit.o)
 .debug_info    0x0000f390       0xbb c:/users/croci.giorgio/.platformio/packages/toolchain-atmelavr@1.70300.191015/bin/../lib/gcc/avr/7.3.0/avr6\libgcc.a(_divmodsi4.o)
 .debug_info    0x0000f44b       0xbb c:/users/croci.giorgio/.platformio/packages/toolchain-atmelavr@1.70300.191015/bin/../lib/gcc/avr/7.3.0/avr6\libgcc.a(_negsi2.o)
 .debug_info    0x0000f506       0xbb c:/users/croci.giorgio/.platformio/packages/toolchain-atmelavr@1.70300.191015/bin/../lib/gcc/avr/7.3.0/avr6\libgcc.a(_copy_data.o)
 .debug_info    0x0000f5c1       0xbb c:/users/croci.giorgio/.platformio/packages/toolchain-atmelavr@1.70300.191015/bin/../lib/gcc/avr/7.3.0/avr6\libgcc.a(_clear_bss.o)
 .debug_info    0x0000f67c       0xbb c:/users/croci.giorgio/.platformio/packages/toolchain-atmelavr@1.70300.191015/bin/../lib/gcc/avr/7.3.0/avr6\libgcc.a(_muluhisi3.o)
 .debug_info    0x0000f737       0xbb c:/users/croci.giorgio/.platformio/packages/toolchain-atmelavr@1.70300.191015/bin/../lib/gcc/avr/7.3.0/avr6\libgcc.a(_mulshisi3.o)
 .debug_info    0x0000f7f2       0xbb c:/users/croci.giorgio/.platformio/packages/toolchain-atmelavr@1.70300.191015/bin/../lib/gcc/avr/7.3.0/avr6\libgcc.a(_udivmodsi4.o)
 .debug_info    0x0000f8ad       0xbb c:/users/croci.giorgio/.platformio/packages/toolchain-atmelavr@1.70300.191015/bin/../lib/gcc/avr/7.3.0/avr6\libgcc.a(_umulhisi3.o)
 .debug_info    0x0000f968       0xbb c:/users/croci.giorgio/.platformio/packages/toolchain-atmelavr@1.70300.191015/bin/../lib/gcc/avr/7.3.0/avr6\libgcc.a(_mulsi3.o)
 .debug_info    0x0000fa23       0xbb c:/users/croci.giorgio/.platformio/packages/toolchain-atmelavr@1.70300.191015/bin/../lib/gcc/avr/7.3.0/avr6\libgcc.a(_divmodhi4.o)
 .debug_info    0x0000fade       0xbb c:/users/croci.giorgio/.platformio/packages/toolchain-atmelavr@1.70300.191015/bin/../lib/gcc/avr/7.3.0/avr6\libgcc.a(_tablejump2.o)
 .debug_info    0x0000fb99       0xbb c:/users/croci.giorgio/.platformio/packages/toolchain-atmelavr@1.70300.191015/bin/../lib/gcc/avr/7.3.0/avr6\libgcc.a(_ctors.o)
 .debug_info    0x0000fc54       0xbb c:/users/croci.giorgio/.platformio/packages/toolchain-atmelavr@1.70300.191015/bin/../lib/gcc/avr/7.3.0/avr6\libgcc.a(_udivmodhi4.o)

.debug_abbrev   0x00000000     0x162a
 *(.debug_abbrev)
 .debug_abbrev  0x00000000      0xb1a c:/users/croci.giorgio/.platformio/packages/toolchain-atmelavr@1.70300.191015/bin/../lib/gcc/avr/7.3.0/../../../../avr/lib/avr6/crtatmega2560.o
 .debug_abbrev  0x00000b1a      0x9f8 C:\Users\CROCI~1.GIO\AppData\Local\Temp\ccVnGKJE.ltrans0.ltrans.o
 .debug_abbrev  0x00001512       0x14 c:/users/croci.giorgio/.platformio/packages/toolchain-atmelavr@1.70300.191015/bin/../lib/gcc/avr/7.3.0/avr6\libgcc.a(_exit.o)
 .debug_abbrev  0x00001526       0x14 c:/users/croci.giorgio/.platformio/packages/toolchain-atmelavr@1.70300.191015/bin/../lib/gcc/avr/7.3.0/avr6\libgcc.a(_divmodsi4.o)
 .debug_abbrev  0x0000153a       0x14 c:/users/croci.giorgio/.platformio/packages/toolchain-atmelavr@1.70300.191015/bin/../lib/gcc/avr/7.3.0/avr6\libgcc.a(_negsi2.o)
 .debug_abbrev  0x0000154e       0x14 c:/users/croci.giorgio/.platformio/packages/toolchain-atmelavr@1.70300.191015/bin/../lib/gcc/avr/7.3.0/avr6\libgcc.a(_copy_data.o)
 .debug_abbrev  0x00001562       0x14 c:/users/croci.giorgio/.platformio/packages/toolchain-atmelavr@1.70300.191015/bin/../lib/gcc/avr/7.3.0/avr6\libgcc.a(_clear_bss.o)
 .debug_abbrev  0x00001576       0x14 c:/users/croci.giorgio/.platformio/packages/toolchain-atmelavr@1.70300.191015/bin/../lib/gcc/avr/7.3.0/avr6\libgcc.a(_muluhisi3.o)
 .debug_abbrev  0x0000158a       0x14 c:/users/croci.giorgio/.platformio/packages/toolchain-atmelavr@1.70300.191015/bin/../lib/gcc/avr/7.3.0/avr6\libgcc.a(_mulshisi3.o)
 .debug_abbrev  0x0000159e       0x14 c:/users/croci.giorgio/.platformio/packages/toolchain-atmelavr@1.70300.191015/bin/../lib/gcc/avr/7.3.0/avr6\libgcc.a(_udivmodsi4.o)
 .debug_abbrev  0x000015b2       0x14 c:/users/croci.giorgio/.platformio/packages/toolchain-atmelavr@1.70300.191015/bin/../lib/gcc/avr/7.3.0/avr6\libgcc.a(_umulhisi3.o)
 .debug_abbrev  0x000015c6       0x14 c:/users/croci.giorgio/.platformio/packages/toolchain-atmelavr@1.70300.191015/bin/../lib/gcc/avr/7.3.0/avr6\libgcc.a(_mulsi3.o)
 .debug_abbrev  0x000015da       0x14 c:/users/croci.giorgio/.platformio/packages/toolchain-atmelavr@1.70300.191015/bin/../lib/gcc/avr/7.3.0/avr6\libgcc.a(_divmodhi4.o)
 .debug_abbrev  0x000015ee       0x14 c:/users/croci.giorgio/.platformio/packages/toolchain-atmelavr@1.70300.191015/bin/../lib/gcc/avr/7.3.0/avr6\libgcc.a(_tablejump2.o)
 .debug_abbrev  0x00001602       0x14 c:/users/croci.giorgio/.platformio/packages/toolchain-atmelavr@1.70300.191015/bin/../lib/gcc/avr/7.3.0/avr6\libgcc.a(_ctors.o)
 .debug_abbrev  0x00001616       0x14 c:/users/croci.giorgio/.platformio/packages/toolchain-atmelavr@1.70300.191015/bin/../lib/gcc/avr/7.3.0/avr6\libgcc.a(_udivmodhi4.o)

.debug_line     0x00000000     0x4f48
 *(.debug_line .debug_line.* .debug_line_end)
 .debug_line    0x00000000       0x1a c:/users/croci.giorgio/.platformio/packages/toolchain-atmelavr@1.70300.191015/bin/../lib/gcc/avr/7.3.0/../../../../avr/lib/avr6/crtatmega2560.o
 .debug_line    0x0000001a     0x4618 C:\Users\CROCI~1.GIO\AppData\Local\Temp\ccVnGKJE.ltrans0.ltrans.o
 .debug_line    0x00004632       0x62 c:/users/croci.giorgio/.platformio/packages/toolchain-atmelavr@1.70300.191015/bin/../lib/gcc/avr/7.3.0/avr6\libgcc.a(_exit.o)
 .debug_line    0x00004694       0xce c:/users/croci.giorgio/.platformio/packages/toolchain-atmelavr@1.70300.191015/bin/../lib/gcc/avr/7.3.0/avr6\libgcc.a(_divmodsi4.o)
 .debug_line    0x00004762       0x62 c:/users/croci.giorgio/.platformio/packages/toolchain-atmelavr@1.70300.191015/bin/../lib/gcc/avr/7.3.0/avr6\libgcc.a(_negsi2.o)
 .debug_line    0x000047c4       0xa4 c:/users/croci.giorgio/.platformio/packages/toolchain-atmelavr@1.70300.191015/bin/../lib/gcc/avr/7.3.0/avr6\libgcc.a(_copy_data.o)
 .debug_line    0x00004868       0x86 c:/users/croci.giorgio/.platformio/packages/toolchain-atmelavr@1.70300.191015/bin/../lib/gcc/avr/7.3.0/avr6\libgcc.a(_clear_bss.o)
 .debug_line    0x000048ee       0x92 c:/users/croci.giorgio/.platformio/packages/toolchain-atmelavr@1.70300.191015/bin/../lib/gcc/avr/7.3.0/avr6\libgcc.a(_muluhisi3.o)
 .debug_line    0x00004980       0x7a c:/users/croci.giorgio/.platformio/packages/toolchain-atmelavr@1.70300.191015/bin/../lib/gcc/avr/7.3.0/avr6\libgcc.a(_mulshisi3.o)
 .debug_line    0x000049fa      0x122 c:/users/croci.giorgio/.platformio/packages/toolchain-atmelavr@1.70300.191015/bin/../lib/gcc/avr/7.3.0/avr6\libgcc.a(_udivmodsi4.o)
 .debug_line    0x00004b1c       0xb0 c:/users/croci.giorgio/.platformio/packages/toolchain-atmelavr@1.70300.191015/bin/../lib/gcc/avr/7.3.0/avr6\libgcc.a(_umulhisi3.o)
 .debug_line    0x00004bcc       0xb0 c:/users/croci.giorgio/.platformio/packages/toolchain-atmelavr@1.70300.191015/bin/../lib/gcc/avr/7.3.0/avr6\libgcc.a(_mulsi3.o)
 .debug_line    0x00004c7c       0xc8 c:/users/croci.giorgio/.platformio/packages/toolchain-atmelavr@1.70300.191015/bin/../lib/gcc/avr/7.3.0/avr6\libgcc.a(_divmodhi4.o)
 .debug_line    0x00004d44       0x86 c:/users/croci.giorgio/.platformio/packages/toolchain-atmelavr@1.70300.191015/bin/../lib/gcc/avr/7.3.0/avr6\libgcc.a(_tablejump2.o)
 .debug_line    0x00004dca       0xb0 c:/users/croci.giorgio/.platformio/packages/toolchain-atmelavr@1.70300.191015/bin/../lib/gcc/avr/7.3.0/avr6\libgcc.a(_ctors.o)
 .debug_line    0x00004e7a       0xce c:/users/croci.giorgio/.platformio/packages/toolchain-atmelavr@1.70300.191015/bin/../lib/gcc/avr/7.3.0/avr6\libgcc.a(_udivmodhi4.o)

.debug_frame    0x00000000     0x23a4
 *(.debug_frame)
 .debug_frame   0x00000000     0x23a4 C:\Users\CROCI~1.GIO\AppData\Local\Temp\ccVnGKJE.ltrans0.ltrans.o

.debug_str      0x00000000     0x2227
 *(.debug_str)
 .debug_str     0x00000000      0x3e6 c:/users/croci.giorgio/.platformio/packages/toolchain-atmelavr@1.70300.191015/bin/../lib/gcc/avr/7.3.0/../../../../avr/lib/avr6/crtatmega2560.o
 .debug_str     0x000003e6     0x1e41 C:\Users\CROCI~1.GIO\AppData\Local\Temp\ccVnGKJE.ltrans0.ltrans.o
                               0x209a (size before relaxing)

.debug_loc      0x00000000     0xca79
 *(.debug_loc)
 .debug_loc     0x00000000     0xca79 C:\Users\CROCI~1.GIO\AppData\Local\Temp\ccVnGKJE.ltrans0.ltrans.o

.debug_macinfo
 *(.debug_macinfo)

.debug_weaknames
 *(.debug_weaknames)

.debug_funcnames
 *(.debug_funcnames)

.debug_typenames
 *(.debug_typenames)

.debug_varnames
 *(.debug_varnames)

.debug_pubtypes
 *(.debug_pubtypes)

.debug_ranges   0x00000000      0x830
 *(.debug_ranges)
 .debug_ranges  0x00000000      0x830 C:\Users\CROCI~1.GIO\AppData\Local\Temp\ccVnGKJE.ltrans0.ltrans.o

.debug_macro
 *(.debug_macro)
OUTPUT(.pio\build\mega debug\firmware.elf elf32-avr)
LOAD linker stubs

Cross Reference Table

Symbol                                            File
EEPROM                                            EEPROMex.cpp.o (symbol from plugin)
                                                  .pio\build\mega debug\src\mobiflight.ino.cpp.o (symbol from plugin)
MFStepper_stepperCount                            MFStepper.cpp.o (symbol from plugin)
MFStepper_steppers                                MFStepper.cpp.o (symbol from plugin)
Serial                                            HardwareSerial0.cpp.o (symbol from plugin)
                                                  .pio\build\mega debug\src\mobiflight.ino.cpp.o (symbol from plugin)
ServoCount                                        Servo.cpp.o (symbol from plugin)
Wire                                              Wire.cpp.o (symbol from plugin)
                                                  LiquidCrystal_I2C.cpp.o (symbol from plugin)
_Z10AddEncoderhhhPKc                              .pio\build\mega debug\src\mobiflight.ino.cpp.o (symbol from plugin)
_Z10AddShifterhhhhPKc                             .pio\build\mega debug\src\mobiflight.ino.cpp.o (symbol from plugin)
_Z10AddStepperiiiii                               .pio\build\mega debug\src\mobiflight.ino.cpp.o (symbol from plugin)
_Z10OnSetServov                                   .pio\build\mega debug\src\mobiflight.ino.cpp.o (symbol from plugin)
_Z10_storeNamev                                   .pio\build\mega debug\src\mobiflight.ino.cpp.o (symbol from plugin)
_Z10addStepperP9MFStepper                         MFStepper.cpp.o (symbol from plugin)
_Z10loadConfigv                                   .pio\build\mega debug\src\mobiflight.ino.cpp.o (symbol from plugin)
_Z10randomSeedm                                   WMath.cpp.o (symbol from plugin)
                                                  .pio\build\mega debug\src\mobiflight.ino.cpp.o (symbol from plugin)
_Z10readAnalogv                                   .pio\build\mega debug\src\mobiflight.ino.cpp.o (symbol from plugin)
_Z10readConfig6String                             .pio\build\mega debug\src\mobiflight.ino.cpp.o (symbol from plugin)
_Z11ClearAnalogv                                  .pio\build\mega debug\src\mobiflight.ino.cpp.o (symbol from plugin)
_Z11ClearServosv                                  .pio\build\mega debug\src\mobiflight.ino.cpp.o (symbol from plugin)
_Z11OnGetConfigv                                  .pio\build\mega debug\src\mobiflight.ino.cpp.o (symbol from plugin)
_Z11OnSetConfigv                                  .pio\build\mega debug\src\mobiflight.ino.cpp.o (symbol from plugin)
_Z11OnSetModulev                                  .pio\build\mega debug\src\mobiflight.ino.cpp.o (symbol from plugin)
_Z11readButtonsv                                  .pio\build\mega debug\src\mobiflight.ino.cpp.o (symbol from plugin)
_Z11readEncoderv                                  .pio\build\mega debug\src\mobiflight.ino.cpp.o (symbol from plugin)
_Z11registerPinhh                                 .pio\build\mega debug\src\mobiflight.ino.cpp.o (symbol from plugin)
_Z11resetConfigv                                  .pio\build\mega debug\src\mobiflight.ino.cpp.o (symbol from plugin)
_Z11serialEventv                                  C:\Users\CROCI~1.GIO\AppData\Local\Temp\ccVnGKJE.ltrans0.ltrans.o
                                                  HardwareSerial.cpp.o (symbol from plugin)
_Z12ClearButtonsv                                 .pio\build\mega debug\src\mobiflight.ino.cpp.o (symbol from plugin)
_Z12ClearOutputsv                                 .pio\build\mega debug\src\mobiflight.ino.cpp.o (symbol from plugin)
_Z12OnInitModulev                                 .pio\build\mega debug\src\mobiflight.ino.cpp.o (symbol from plugin)
_Z12OnResetBoardv                                 .pio\build\mega debug\src\mobiflight.ino.cpp.o (symbol from plugin)
_Z12OnSaveConfigv                                 .pio\build\mega debug\src\mobiflight.ino.cpp.o (symbol from plugin)
_Z12OnSetStepperv                                 .pio\build\mega debug\src\mobiflight.ino.cpp.o (symbol from plugin)
_Z12_restoreNamev                                 .pio\build\mega debug\src\mobiflight.ino.cpp.o (symbol from plugin)
_Z12_storeConfigv                                 .pio\build\mega debug\src\mobiflight.ino.cpp.o (symbol from plugin)
_Z12serialEvent1v                                 C:\Users\CROCI~1.GIO\AppData\Local\Temp\ccVnGKJE.ltrans0.ltrans.o
                                                  HardwareSerial.cpp.o (symbol from plugin)
_Z12serialEvent2v                                 C:\Users\CROCI~1.GIO\AppData\Local\Temp\ccVnGKJE.ltrans0.ltrans.o
                                                  HardwareSerial.cpp.o (symbol from plugin)
_Z12serialEvent3v                                 C:\Users\CROCI~1.GIO\AppData\Local\Temp\ccVnGKJE.ltrans0.ltrans.o
                                                  HardwareSerial.cpp.o (symbol from plugin)
_Z12updateServosv                                 .pio\build\mega debug\src\mobiflight.ino.cpp.o (symbol from plugin)
_Z13AddLcdDisplayhhhPKc                           .pio\build\mega debug\src\mobiflight.ino.cpp.o (symbol from plugin)
_Z13AddLedSegmentiiiii                            .pio\build\mega debug\src\mobiflight.ino.cpp.o (symbol from plugin)
_Z13ClearEncodersv                                .pio\build\mega debug\src\mobiflight.ino.cpp.o (symbol from plugin)
_Z13ClearShiftersv                                .pio\build\mega debug\src\mobiflight.ino.cpp.o (symbol from plugin)
_Z13ClearSteppersv                                .pio\build\mega debug\src\mobiflight.ino.cpp.o (symbol from plugin)
_Z13OnResetConfigv                                .pio\build\mega debug\src\mobiflight.ino.cpp.o (symbol from plugin)
_Z14OnGenNewSerialv                               .pio\build\mega debug\src\mobiflight.ino.cpp.o (symbol from plugin)
_Z14OnResetStepperv                               .pio\build\mega debug\src\mobiflight.ino.cpp.o (symbol from plugin)
_Z14generateSerialb                               .pio\build\mega debug\src\mobiflight.ino.cpp.o (symbol from plugin)
_Z14serialEventRunv                               HardwareSerial.cpp.o (symbol from plugin)
                                                  main.cpp.o (symbol from plugin)
_Z14updateSteppersv                               .pio\build\mega debug\src\mobiflight.ino.cpp.o (symbol from plugin)
_Z15_activateConfigv                              .pio\build\mega debug\src\mobiflight.ino.cpp.o (symbol from plugin)
_Z15isPinRegisteredh                              .pio\build\mega debug\src\mobiflight.ino.cpp.o (symbol from plugin)
_Z16ClearLcdDisplaysv                             .pio\build\mega debug\src\mobiflight.ino.cpp.o (symbol from plugin)
_Z16ClearLedSegmentsv                             .pio\build\mega debug\src\mobiflight.ino.cpp.o (symbol from plugin)
_Z16HandlerOnReleasehhPKc                         MFStepper.cpp.o (symbol from plugin)
_Z16OnActivateConfigv                             .pio\build\mega debug\src\mobiflight.ino.cpp.o (symbol from plugin)
_Z16OnSetZeroStepperv                             .pio\build\mega debug\src\mobiflight.ino.cpp.o (symbol from plugin)
_Z16OnUnknownCommandv                             .pio\build\mega debug\src\mobiflight.ino.cpp.o (symbol from plugin)
_Z16handlerOnEncoderhhPKc                         .pio\build\mega debug\src\mobiflight.ino.cpp.o (symbol from plugin)
_Z16handlerOnReleasehhPKc                         .pio\build\mega debug\src\mobiflight.ino.cpp.o (symbol from plugin)
_Z17Serial0_availablev                            HardwareSerial0.cpp.o (symbol from plugin)
                                                  HardwareSerial.cpp.o (symbol from plugin)
_Z17Serial1_availablev                            C:\Users\CROCI~1.GIO\AppData\Local\Temp\ccVnGKJE.ltrans0.ltrans.o
                                                  HardwareSerial.cpp.o (symbol from plugin)
_Z17Serial2_availablev                            C:\Users\CROCI~1.GIO\AppData\Local\Temp\ccVnGKJE.ltrans0.ltrans.o
                                                  HardwareSerial.cpp.o (symbol from plugin)
_Z17Serial3_availablev                            C:\Users\CROCI~1.GIO\AppData\Local\Temp\ccVnGKJE.ltrans0.ltrans.o
                                                  HardwareSerial.cpp.o (symbol from plugin)
_Z17updatePowerSavingv                            .pio\build\mega debug\src\mobiflight.ino.cpp.o (symbol from plugin)
_Z18OnSetLcdDisplayI2Cv                           .pio\build\mega debug\src\mobiflight.ino.cpp.o (symbol from plugin)
_Z18SetPowerSavingModeb                           .pio\build\mega debug\src\mobiflight.ino.cpp.o (symbol from plugin)
_Z19OnInitShiftRegisterv                          .pio\build\mega debug\src\mobiflight.ino.cpp.o (symbol from plugin)
_Z19PowerSaveLedSegmentb                          .pio\build\mega debug\src\mobiflight.ino.cpp.o (symbol from plugin)
_Z19clearRegisteredPinsh                          .pio\build\mega debug\src\mobiflight.ino.cpp.o (symbol from plugin)
_Z19clearRegisteredPinsv                          .pio\build\mega debug\src\mobiflight.ino.cpp.o (symbol from plugin)
_Z21OnSetModuleBrightnessv                        .pio\build\mega debug\src\mobiflight.ino.cpp.o (symbol from plugin)
_Z21handlerOnAnalogChangeihPKc                    .pio\build\mega debug\src\mobiflight.ino.cpp.o (symbol from plugin)
_Z22OnSetShiftRegisterPinsv                       .pio\build\mega debug\src\mobiflight.ino.cpp.o (symbol from plugin)
_Z22attachCommandCallbacksv                       .pio\build\mega debug\src\mobiflight.ino.cpp.o (symbol from plugin)
_Z22isPinRegisteredForTypehh                      .pio\build\mega debug\src\mobiflight.ino.cpp.o (symbol from plugin)
_Z3maplllll                                       WMath.cpp.o (symbol from plugin)
                                                  Servo.cpp.o (symbol from plugin)
                                                  MFServo.cpp.o (symbol from plugin)
_Z6randoml                                        WMath.cpp.o (symbol from plugin)
                                                  .pio\build\mega debug\src\mobiflight.ino.cpp.o (symbol from plugin)
_Z6randomll                                       WMath.cpp.o (symbol from plugin)
_Z8AddServoi                                      .pio\build\mega debug\src\mobiflight.ino.cpp.o (symbol from plugin)
_Z8OnSetPinv                                      .pio\build\mega debug\src\mobiflight.ino.cpp.o (symbol from plugin)
_Z8makeWordhh                                     WMath.cpp.o (symbol from plugin)
_Z8makeWordj                                      WMath.cpp.o (symbol from plugin)
_Z8setupUSBv                                      main.cpp.o (symbol from plugin)
_Z9AddAnaloghPKch                                 .pio\build\mega debug\src\mobiflight.ino.cpp.o (symbol from plugin)
_Z9AddButtonhPKc                                  .pio\build\mega debug\src\mobiflight.ino.cpp.o (symbol from plugin)
_Z9AddOutputhPKc                                  .pio\build\mega debug\src\mobiflight.ino.cpp.o (symbol from plugin)
_Z9OnGetInfov                                     .pio\build\mega debug\src\mobiflight.ino.cpp.o (symbol from plugin)
_Z9OnSetNamev                                     .pio\build\mega debug\src\mobiflight.ino.cpp.o (symbol from plugin)
_Z9OnTriggerv                                     .pio\build\mega debug\src\mobiflight.ino.cpp.o (symbol from plugin)
_ZN10LedControl11spiTransferEihh                  LedControl.cpp.o (symbol from plugin)
_ZN10LedControl12clearDisplayEi                   LedControl.cpp.o (symbol from plugin)
                                                  MFSegments.cpp.o (symbol from plugin)
_ZN10LedControl12setIntensityEii                  LedControl.cpp.o (symbol from plugin)
                                                  MFSegments.cpp.o (symbol from plugin)
_ZN10LedControl12setScanLimitEii                  LedControl.cpp.o (symbol from plugin)
_ZN10LedControl14getDeviceCountEv                 LedControl.cpp.o (symbol from plugin)
_ZN10LedControl6setLedEiiib                       LedControl.cpp.o (symbol from plugin)
_ZN10LedControl6setRowEiih                        LedControl.cpp.o (symbol from plugin)
_ZN10LedControl7setCharEiicb                      LedControl.cpp.o (symbol from plugin)
                                                  MFSegments.cpp.o (symbol from plugin)
_ZN10LedControl8setDigitEiihb                     LedControl.cpp.o (symbol from plugin)
                                                  MFSegments.cpp.o (symbol from plugin)
_ZN10LedControl8shutdownEib                       LedControl.cpp.o (symbol from plugin)
                                                  MFSegments.cpp.o (symbol from plugin)
_ZN10LedControl9setColumnEiih                     LedControl.cpp.o (symbol from plugin)
_ZN10LedControlC1Eiiii                            LedControl.cpp.o (symbol from plugin)
                                                  MFSegments.cpp.o (symbol from plugin)
_ZN10LedControlC2Eiiii                            LedControl.cpp.o (symbol from plugin)
_ZN10MFSegments13setBrightnessEhh                 MFSegments.cpp.o (symbol from plugin)
                                                  .pio\build\mega debug\src\mobiflight.ino.cpp.o (symbol from plugin)
_ZN10MFSegments15powerSavingModeEb                MFSegments.cpp.o (symbol from plugin)
                                                  .pio\build\mega debug\src\mobiflight.ino.cpp.o (symbol from plugin)
_ZN10MFSegments4testEv                            MFSegments.cpp.o (symbol from plugin)
_ZN10MFSegments6attachEiiihh                      MFSegments.cpp.o (symbol from plugin)
                                                  .pio\build\mega debug\src\mobiflight.ino.cpp.o (symbol from plugin)
_ZN10MFSegments6detachEv                          MFSegments.cpp.o (symbol from plugin)
                                                  .pio\build\mega debug\src\mobiflight.ino.cpp.o (symbol from plugin)
_ZN10MFSegments7displayEhPchhb                    MFSegments.cpp.o (symbol from plugin)
                                                  .pio\build\mega debug\src\mobiflight.ino.cpp.o (symbol from plugin)
_ZN10MFSegmentsC1Ev                               MFSegments.cpp.o (symbol from plugin)
                                                  .pio\build\mega debug\src\mobiflight.ino.cpp.o (symbol from plugin)
_ZN10MFSegmentsC2Ev                               MFSegments.cpp.o (symbol from plugin)
_ZN12AccelStepper11setMaxSpeedEf                  AccelStepper.cpp.o (symbol from plugin)
                                                  MFStepper.cpp.o (symbol from plugin)
_ZN12AccelStepper12distanceToGoEv                 AccelStepper.cpp.o (symbol from plugin)
_ZN12AccelStepper12setEnablePinEh                 AccelStepper.cpp.o (symbol from plugin)
_ZN12AccelStepper13enableOutputsEv                AccelStepper.cpp.o (symbol from plugin)
_ZN12AccelStepper13runToPositionEv                AccelStepper.cpp.o (symbol from plugin)
_ZN12AccelStepper13setOutputPinsEh                AccelStepper.cpp.o (symbol from plugin)
_ZN12AccelStepper14disableOutputsEv               AccelStepper.cpp.o (symbol from plugin)
_ZN12AccelStepper14targetPositionEv               AccelStepper.cpp.o (symbol from plugin)
_ZN12AccelStepper15computeNewSpeedEv              AccelStepper.cpp.o (symbol from plugin)
_ZN12AccelStepper15currentPositionEv              AccelStepper.cpp.o (symbol from plugin)
_ZN12AccelStepper15setAccelerationEf              AccelStepper.cpp.o (symbol from plugin)
                                                  MFStepper.cpp.o (symbol from plugin)
_ZN12AccelStepper15setPinsInvertedEbbb            AccelStepper.cpp.o (symbol from plugin)
_ZN12AccelStepper15setPinsInvertedEbbbbb          AccelStepper.cpp.o (symbol from plugin)
_ZN12AccelStepper16runToNewPositionEl             AccelStepper.cpp.o (symbol from plugin)
_ZN12AccelStepper16setMinPulseWidthEj             AccelStepper.cpp.o (symbol from plugin)
_ZN12AccelStepper18runSpeedToPositionEv           AccelStepper.cpp.o (symbol from plugin)
_ZN12AccelStepper18setCurrentPositionEl           AccelStepper.cpp.o (symbol from plugin)
                                                  MFStepper.cpp.o (symbol from plugin)
_ZN12AccelStepper3runEv                           AccelStepper.cpp.o (symbol from plugin)
                                                  MFStepper.cpp.o (symbol from plugin)
_ZN12AccelStepper4moveEl                          AccelStepper.cpp.o (symbol from plugin)
_ZN12AccelStepper4stepEl                          AccelStepper.cpp.o (symbol from plugin)
_ZN12AccelStepper4stopEv                          AccelStepper.cpp.o (symbol from plugin)
_ZN12AccelStepper5speedEv                         AccelStepper.cpp.o (symbol from plugin)
_ZN12AccelStepper5step0El                         AccelStepper.cpp.o (symbol from plugin)
_ZN12AccelStepper5step1El                         AccelStepper.cpp.o (symbol from plugin)
_ZN12AccelStepper5step2El                         AccelStepper.cpp.o (symbol from plugin)
_ZN12AccelStepper5step3El                         AccelStepper.cpp.o (symbol from plugin)
_ZN12AccelStepper5step4El                         AccelStepper.cpp.o (symbol from plugin)
_ZN12AccelStepper5step6El                         AccelStepper.cpp.o (symbol from plugin)
_ZN12AccelStepper5step8El                         AccelStepper.cpp.o (symbol from plugin)
_ZN12AccelStepper6moveToEl                        AccelStepper.cpp.o (symbol from plugin)
                                                  MFStepper.cpp.o (symbol from plugin)
_ZN12AccelStepper8maxSpeedEv                      AccelStepper.cpp.o (symbol from plugin)
_ZN12AccelStepper8runSpeedEv                      AccelStepper.cpp.o (symbol from plugin)
_ZN12AccelStepper8setSpeedEf                      AccelStepper.cpp.o (symbol from plugin)
_ZN12AccelStepper9isRunningEv                     AccelStepper.cpp.o (symbol from plugin)
_ZN12AccelStepperC1EPFvvES1_                      AccelStepper.cpp.o (symbol from plugin)
_ZN12AccelStepperC1Ehhhhhb                        AccelStepper.cpp.o (symbol from plugin)
                                                  MFStepper.cpp.o (symbol from plugin)
_ZN12AccelStepperC2EPFvvES1_                      AccelStepper.cpp.o (symbol from plugin)
_ZN12AccelStepperC2Ehhhhhb                        AccelStepper.cpp.o (symbol from plugin)
_ZN12CmdMessenger10readIntArgEv                   CmdMessenger.cpp.o (symbol from plugin)
                                                  .pio\build\mega debug\src\mobiflight.ino.cpp.o (symbol from plugin)
_ZN12CmdMessenger10sendCmdArgIPK19__FlashStringHelperEEvT_ .pio\build\mega debug\src\mobiflight.ino.cpp.o (symbol from plugin)
_ZN12CmdMessenger10sendCmdArgIPKcEEvT_            .pio\build\mega debug\src\mobiflight.ino.cpp.o (symbol from plugin)
_ZN12CmdMessenger10sendCmdArgIPcEEvT_             .pio\build\mega debug\src\mobiflight.ino.cpp.o (symbol from plugin)
_ZN12CmdMessenger10sendCmdArgIhEEvT_              .pio\build\mega debug\src\mobiflight.ino.cpp.o (symbol from plugin)
_ZN12CmdMessenger10sendCmdArgIiEEvT_              .pio\build\mega debug\src\mobiflight.ino.cpp.o (symbol from plugin)
_ZN12CmdMessenger10sendCmdEndEbii                 CmdMessenger.cpp.o (symbol from plugin)
                                                  .pio\build\mega debug\src\mobiflight.ino.cpp.o (symbol from plugin)
_ZN12CmdMessenger11readBoolArgEv                  CmdMessenger.cpp.o (symbol from plugin)
_ZN12CmdMessenger11readCharArgEv                  CmdMessenger.cpp.o (symbol from plugin)
_ZN12CmdMessenger11readLongArgEv                  CmdMessenger.cpp.o (symbol from plugin)
                                                  .pio\build\mega debug\src\mobiflight.ino.cpp.o (symbol from plugin)
_ZN12CmdMessenger11sendCmdfArgEPcz                CmdMessenger.cpp.o (symbol from plugin)
_ZN12CmdMessenger12readFloatArgEv                 CmdMessenger.cpp.o (symbol from plugin)
_ZN12CmdMessenger12sendCmdStartEi                 CmdMessenger.cpp.o (symbol from plugin)
                                                  .pio\build\mega debug\src\mobiflight.ino.cpp.o (symbol from plugin)
_ZN12CmdMessenger13copyStringArgEPch              CmdMessenger.cpp.o (symbol from plugin)
_ZN12CmdMessenger13readStringArgEv                CmdMessenger.cpp.o (symbol from plugin)
                                                  .pio\build\mega debug\src\mobiflight.ino.cpp.o (symbol from plugin)
_ZN12CmdMessenger13sendCmdEscArgEPc               CmdMessenger.cpp.o (symbol from plugin)
_ZN12CmdMessenger16compareStringArgEPc            CmdMessenger.cpp.o (symbol from plugin)
_ZN12CmdMessenger16feedinSerialDataEv             CmdMessenger.cpp.o (symbol from plugin)
                                                  .pio\build\mega debug\src\mobiflight.ino.cpp.o (symbol from plugin)
_ZN12CmdMessenger4initER6Streamccc                CmdMessenger.cpp.o (symbol from plugin)
_ZN12CmdMessenger4nextEv                          CmdMessenger.cpp.o (symbol from plugin)
_ZN12CmdMessenger5resetEv                         CmdMessenger.cpp.o (symbol from plugin)
_ZN12CmdMessenger6attachEPFvvE                    CmdMessenger.cpp.o (symbol from plugin)
                                                  .pio\build\mega debug\src\mobiflight.ino.cpp.o (symbol from plugin)
_ZN12CmdMessenger6attachEhPFvvE                   CmdMessenger.cpp.o (symbol from plugin)
                                                  .pio\build\mega debug\src\mobiflight.ino.cpp.o (symbol from plugin)
_ZN12CmdMessenger7isArgOkEv                       CmdMessenger.cpp.o (symbol from plugin)
_ZN12CmdMessenger7sendCmdIPK19__FlashStringHelperEEbiT_bii .pio\build\mega debug\src\mobiflight.ino.cpp.o (symbol from plugin)
_ZN12CmdMessenger7sendCmdIPcEEbiT_bii             .pio\build\mega debug\src\mobiflight.ino.cpp.o (symbol from plugin)
_ZN12CmdMessenger7sendCmdIiEEbiT_bii              .pio\build\mega debug\src\mobiflight.ino.cpp.o (symbol from plugin)
_ZN12CmdMessenger7split_rEPccPS0_                 CmdMessenger.cpp.o (symbol from plugin)
_ZN12CmdMessenger8findNextEPcc                    CmdMessenger.cpp.o (symbol from plugin)
_ZN12CmdMessenger8printEscEPc                     CmdMessenger.cpp.o (symbol from plugin)
_ZN12CmdMessenger8printEscEc                      CmdMessenger.cpp.o (symbol from plugin)
_ZN12CmdMessenger8unescapeEPc                     CmdMessenger.cpp.o (symbol from plugin)
_ZN12CmdMessenger9CommandIDEv                     CmdMessenger.cpp.o (symbol from plugin)
_ZN12CmdMessenger9availableEv                     CmdMessenger.cpp.o (symbol from plugin)
_ZN12CmdMessenger9isEscapedEPccS0_                CmdMessenger.cpp.o (symbol from plugin)
_ZN12CmdMessenger9printLfCrEb                     CmdMessenger.cpp.o (symbol from plugin)
                                                  .pio\build\mega debug\src\mobiflight.ino.cpp.o (symbol from plugin)
_ZN12CmdMessengerC1ER6Streamccc                   CmdMessenger.cpp.o (symbol from plugin)
                                                  .pio\build\mega debug\src\mobiflight.ino.cpp.o (symbol from plugin)
_ZN12CmdMessengerC2ER6Streamccc                   CmdMessenger.cpp.o (symbol from plugin)
_ZN12MFLCDDisplay14_printCenteredEPKch            MFLCDDisplay.cpp.o (symbol from plugin)
_ZN12MFLCDDisplay15powerSavingModeEb              MFLCDDisplay.cpp.o (symbol from plugin)
_ZN12MFLCDDisplay4testEv                          MFLCDDisplay.cpp.o (symbol from plugin)
_ZN12MFLCDDisplay6attachEhhh                      MFLCDDisplay.cpp.o (symbol from plugin)
                                                  .pio\build\mega debug\src\mobiflight.ino.cpp.o (symbol from plugin)
_ZN12MFLCDDisplay6detachEv                        MFLCDDisplay.cpp.o (symbol from plugin)
                                                  .pio\build\mega debug\src\mobiflight.ino.cpp.o (symbol from plugin)
_ZN12MFLCDDisplay7displayEPKc                     MFLCDDisplay.cpp.o (symbol from plugin)
                                                  .pio\build\mega debug\src\mobiflight.ino.cpp.o (symbol from plugin)
_ZN12MFLCDDisplayC1Ev                             MFLCDDisplay.cpp.o (symbol from plugin)
                                                  .pio\build\mega debug\src\mobiflight.ino.cpp.o (symbol from plugin)
_ZN12MFLCDDisplayC2Ev                             MFLCDDisplay.cpp.o (symbol from plugin)
_ZN13EEPROMClassEx10getAddressEi                  EEPROMex.cpp.o (symbol from plugin)
_ZN13EEPROMClassEx10readDoubleEi                  EEPROMex.cpp.o (symbol from plugin)
_ZN13EEPROMClassEx10setMemPoolEii                 EEPROMex.cpp.o (symbol from plugin)
                                                  .pio\build\mega debug\src\mobiflight.ino.cpp.o (symbol from plugin)
_ZN13EEPROMClassEx10updateByteEih                 EEPROMex.cpp.o (symbol from plugin)
_ZN13EEPROMClassEx10updateLongEim                 EEPROMex.cpp.o (symbol from plugin)
_ZN13EEPROMClassEx10writeBlockIcEEiiPKT_i         .pio\build\mega debug\src\mobiflight.ino.cpp.o (symbol from plugin)
_ZN13EEPROMClassEx10writeBlockIcEEiiRKT_          .pio\build\mega debug\src\mobiflight.ino.cpp.o (symbol from plugin)
_ZN13EEPROMClassEx10writeBlockIdEEiiRKT_          EEPROMex.cpp.o (symbol from plugin)
_ZN13EEPROMClassEx10writeBlockIfEEiiRKT_          EEPROMex.cpp.o (symbol from plugin)
_ZN13EEPROMClassEx10writeFloatEif                 EEPROMex.cpp.o (symbol from plugin)
_ZN13EEPROMClassEx11updateBlockIfEEiiRKT_         EEPROMex.cpp.o (symbol from plugin)
_ZN13EEPROMClassEx11updateBlockIhEEiiRKT_         EEPROMex.cpp.o (symbol from plugin)
_ZN13EEPROMClassEx11updateBlockIjEEiiRKT_         EEPROMex.cpp.o (symbol from plugin)
_ZN13EEPROMClassEx11updateBlockImEEiiRKT_         EEPROMex.cpp.o (symbol from plugin)
_ZN13EEPROMClassEx11updateFloatEif                EEPROMex.cpp.o (symbol from plugin)
_ZN13EEPROMClassEx11writeDoubleEid                EEPROMex.cpp.o (symbol from plugin)
_ZN13EEPROMClassEx12_writeCountsE                 EEPROMex.cpp.o (symbol from plugin)
_ZN13EEPROMClassEx12updateDoubleEid               EEPROMex.cpp.o (symbol from plugin)
_ZN13EEPROMClassEx19setMaxAllowedWritesEi         EEPROMex.cpp.o (symbol from plugin)
                                                  .pio\build\mega debug\src\mobiflight.ino.cpp.o (symbol from plugin)
_ZN13EEPROMClassEx21_nextAvailableaddressE        EEPROMex.cpp.o (symbol from plugin)
_ZN13EEPROMClassEx4readEi                         EEPROMex.cpp.o (symbol from plugin)
_ZN13EEPROMClassEx5_baseE                         EEPROMex.cpp.o (symbol from plugin)
_ZN13EEPROMClassEx5writeEih                       EEPROMex.cpp.o (symbol from plugin)
_ZN13EEPROMClassEx6updateEih                      EEPROMex.cpp.o (symbol from plugin)
_ZN13EEPROMClassEx7isReadyEv                      EEPROMex.cpp.o (symbol from plugin)
_ZN13EEPROMClassEx7readBitEih                     EEPROMex.cpp.o (symbol from plugin)
_ZN13EEPROMClassEx7readIntEi                      EEPROMex.cpp.o (symbol from plugin)
_ZN13EEPROMClassEx8_memSizeE                      EEPROMex.cpp.o (symbol from plugin)
_ZN13EEPROMClassEx8isReadOkEi                     EEPROMex.cpp.o (symbol from plugin)
_ZN13EEPROMClassEx8readByteEi                     EEPROMex.cpp.o (symbol from plugin)
_ZN13EEPROMClassEx8readLongEi                     EEPROMex.cpp.o (symbol from plugin)
_ZN13EEPROMClassEx8writeBitEihb                   EEPROMex.cpp.o (symbol from plugin)
_ZN13EEPROMClassEx8writeIntEij                    EEPROMex.cpp.o (symbol from plugin)
_ZN13EEPROMClassEx9isWriteOkEi                    EEPROMex.cpp.o (symbol from plugin)
                                                  .pio\build\mega debug\src\mobiflight.ino.cpp.o (symbol from plugin)
_ZN13EEPROMClassEx9readBlockIcEEiiPKT_i           .pio\build\mega debug\src\mobiflight.ino.cpp.o (symbol from plugin)
_ZN13EEPROMClassEx9readFloatEi                    EEPROMex.cpp.o (symbol from plugin)
_ZN13EEPROMClassEx9updateBitEihb                  EEPROMex.cpp.o (symbol from plugin)
_ZN13EEPROMClassEx9updateIntEij                   EEPROMex.cpp.o (symbol from plugin)
_ZN13EEPROMClassEx9writeByteEih                   EEPROMex.cpp.o (symbol from plugin)
_ZN13EEPROMClassEx9writeLongEim                   EEPROMex.cpp.o (symbol from plugin)
_ZN13EEPROMClassExC1Ev                            EEPROMex.cpp.o (symbol from plugin)
_ZN13EEPROMClassExC2Ev                            EEPROMex.cpp.o (symbol from plugin)
_ZN14HardwareSerial17_tx_udr_empty_irqEv          HardwareSerial.cpp.o (symbol from plugin)
                                                  HardwareSerial0.cpp.o (symbol from plugin)
_ZN14HardwareSerial17availableForWriteEv          HardwareSerial.cpp.o (symbol from plugin)
_ZN14HardwareSerial3endEv                         HardwareSerial.cpp.o (symbol from plugin)
_ZN14HardwareSerial4peekEv                        HardwareSerial.cpp.o (symbol from plugin)
_ZN14HardwareSerial4readEv                        HardwareSerial.cpp.o (symbol from plugin)
_ZN14HardwareSerial5beginEmh                      HardwareSerial.cpp.o (symbol from plugin)
                                                  .pio\build\mega debug\src\mobiflight.ino.cpp.o (symbol from plugin)
_ZN14HardwareSerial5flushEv                       HardwareSerial.cpp.o (symbol from plugin)
_ZN14HardwareSerial5writeEh                       HardwareSerial.cpp.o (symbol from plugin)
_ZN14HardwareSerial9availableEv                   HardwareSerial.cpp.o (symbol from plugin)
                                                  HardwareSerial0.cpp.o (symbol from plugin)
_ZN14TicksPerSecond10initializeEi                 TicksPerSecond.cpp.o (symbol from plugin)
                                                  RotaryEncoderShd.cpp.o (symbol from plugin)
_ZN14TicksPerSecond13resetCountersEv              TicksPerSecond.cpp.o (symbol from plugin)
_ZN14TicksPerSecond6smoothEiPfi                   TicksPerSecond.cpp.o (symbol from plugin)
_ZN14TicksPerSecond6updateEhb                     TicksPerSecond.cpp.o (symbol from plugin)
                                                  RotaryEncoderShd.cpp.o (symbol from plugin)
_ZN16RotaryEncoderShd10initializeEhhh             RotaryEncoderShd.cpp.o (symbol from plugin)
                                                  MFEncoder.cpp.o (symbol from plugin)
_ZN16RotaryEncoderShd11getPositionEv              RotaryEncoderShd.cpp.o (symbol from plugin)
                                                  MFEncoder.cpp.o (symbol from plugin)
_ZN16RotaryEncoderShd11setPositionEi              RotaryEncoderShd.cpp.o (symbol from plugin)
                                                  MFEncoder.cpp.o (symbol from plugin)
_ZN16RotaryEncoderShd4_tpsE                       RotaryEncoderShd.cpp.o (symbol from plugin)
_ZN16RotaryEncoderShd4tickEv                      RotaryEncoderShd.cpp.o (symbol from plugin)
                                                  MFEncoder.cpp.o (symbol from plugin)
_ZN16RotaryEncoderShd9calcSpeedEv                 RotaryEncoderShd.cpp.o (symbol from plugin)
_ZN16RotaryEncoderShd9setMinMaxEll                RotaryEncoderShd.cpp.o (symbol from plugin)
                                                  MFEncoder.cpp.o (symbol from plugin)
_ZN17LiquidCrystal_I2C10autoscrollEv              LiquidCrystal_I2C.cpp.o (symbol from plugin)
_ZN17LiquidCrystal_I2C10createCharEhPh            LiquidCrystal_I2C.cpp.o (symbol from plugin)
_ZN17LiquidCrystal_I2C10write4bitsEh              LiquidCrystal_I2C.cpp.o (symbol from plugin)
_ZN17LiquidCrystal_I2C11leftToRightEv             LiquidCrystal_I2C.cpp.o (symbol from plugin)
_ZN17LiquidCrystal_I2C11noBacklightEv             LiquidCrystal_I2C.cpp.o (symbol from plugin)
                                                  MFLCDDisplay.cpp.o (symbol from plugin)
_ZN17LiquidCrystal_I2C11pulseEnableEh             LiquidCrystal_I2C.cpp.o (symbol from plugin)
_ZN17LiquidCrystal_I2C11rightToLeftEv             LiquidCrystal_I2C.cpp.o (symbol from plugin)
_ZN17LiquidCrystal_I2C12getBacklightEv            LiquidCrystal_I2C.cpp.o (symbol from plugin)
_ZN17LiquidCrystal_I2C12noAutoscrollEv            LiquidCrystal_I2C.cpp.o (symbol from plugin)
_ZN17LiquidCrystal_I2C12setBacklightEh            LiquidCrystal_I2C.cpp.o (symbol from plugin)
_ZN17LiquidCrystal_I2C13expanderWriteEh           LiquidCrystal_I2C.cpp.o (symbol from plugin)
_ZN17LiquidCrystal_I2C17scrollDisplayLeftEv       LiquidCrystal_I2C.cpp.o (symbol from plugin)
_ZN17LiquidCrystal_I2C18scrollDisplayRightEv      LiquidCrystal_I2C.cpp.o (symbol from plugin)
_ZN17LiquidCrystal_I2C21load_custom_characterEhPh LiquidCrystal_I2C.cpp.o (symbol from plugin)
_ZN17LiquidCrystal_I2C4homeEv                     LiquidCrystal_I2C.cpp.o (symbol from plugin)
_ZN17LiquidCrystal_I2C4sendEhh                    LiquidCrystal_I2C.cpp.o (symbol from plugin)
_ZN17LiquidCrystal_I2C5beginEv                    LiquidCrystal_I2C.cpp.o (symbol from plugin)
                                                  MFLCDDisplay.cpp.o (symbol from plugin)
_ZN17LiquidCrystal_I2C5blinkEv                    LiquidCrystal_I2C.cpp.o (symbol from plugin)
_ZN17LiquidCrystal_I2C5clearEv                    LiquidCrystal_I2C.cpp.o (symbol from plugin)
                                                  MFLCDDisplay.cpp.o (symbol from plugin)
_ZN17LiquidCrystal_I2C5writeEh                    LiquidCrystal_I2C.cpp.o (symbol from plugin)
_ZN17LiquidCrystal_I2C6cursorEv                   LiquidCrystal_I2C.cpp.o (symbol from plugin)
_ZN17LiquidCrystal_I2C7displayEv                  LiquidCrystal_I2C.cpp.o (symbol from plugin)
_ZN17LiquidCrystal_I2C7noBlinkEv                  LiquidCrystal_I2C.cpp.o (symbol from plugin)
_ZN17LiquidCrystal_I2C8noCursorEv                 LiquidCrystal_I2C.cpp.o (symbol from plugin)
_ZN17LiquidCrystal_I2C8printstrEPKc               LiquidCrystal_I2C.cpp.o (symbol from plugin)
_ZN17LiquidCrystal_I2C9backlightEv                LiquidCrystal_I2C.cpp.o (symbol from plugin)
                                                  MFLCDDisplay.cpp.o (symbol from plugin)
_ZN17LiquidCrystal_I2C9noDisplayEv                LiquidCrystal_I2C.cpp.o (symbol from plugin)
_ZN17LiquidCrystal_I2C9setCursorEhh               LiquidCrystal_I2C.cpp.o (symbol from plugin)
                                                  MFLCDDisplay.cpp.o (symbol from plugin)
_ZN17LiquidCrystal_I2CC1Ehhhh                     LiquidCrystal_I2C.cpp.o (symbol from plugin)
                                                  MFLCDDisplay.cpp.o (symbol from plugin)
_ZN17LiquidCrystal_I2CC2Ehhhh                     LiquidCrystal_I2C.cpp.o (symbol from plugin)
_ZN5Print10printFloatEdh                          Print.cpp.o (symbol from plugin)
_ZN5Print11printNumberEmh                         Print.cpp.o (symbol from plugin)
_ZN5Print17availableForWriteEv                    Print.cpp.o (symbol from plugin)
                                                  Wire.cpp.o (symbol from plugin)
                                                  LiquidCrystal_I2C.cpp.o (symbol from plugin)
_ZN5Print5flushEv                                 Print.cpp.o (symbol from plugin)
                                                  LiquidCrystal_I2C.cpp.o (symbol from plugin)
_ZN5Print5printEPK19__FlashStringHelper           Print.cpp.o (symbol from plugin)
                                                  MFLCDDisplay.cpp.o (symbol from plugin)
                                                  .pio\build\mega debug\src\mobiflight.ino.cpp.o (symbol from plugin)
_ZN5Print5printEPKc                               Print.cpp.o (symbol from plugin)
                                                  LiquidCrystal_I2C.cpp.o (symbol from plugin)
                                                  MFLCDDisplay.cpp.o (symbol from plugin)
                                                  CmdMessenger.cpp.o (symbol from plugin)
                                                  .pio\build\mega debug\src\mobiflight.ino.cpp.o (symbol from plugin)
_ZN5Print5printERK6String                         Print.cpp.o (symbol from plugin)
_ZN5Print5printERK9Printable                      Print.cpp.o (symbol from plugin)
_ZN5Print5printEc                                 Print.cpp.o (symbol from plugin)
                                                  CmdMessenger.cpp.o (symbol from plugin)
                                                  .pio\build\mega debug\src\mobiflight.ino.cpp.o (symbol from plugin)
_ZN5Print5printEdi                                Print.cpp.o (symbol from plugin)
_ZN5Print5printEhi                                Print.cpp.o (symbol from plugin)
                                                  .pio\build\mega debug\src\mobiflight.ino.cpp.o (symbol from plugin)
_ZN5Print5printEii                                Print.cpp.o (symbol from plugin)
                                                  CmdMessenger.cpp.o (symbol from plugin)
                                                  .pio\build\mega debug\src\mobiflight.ino.cpp.o (symbol from plugin)
_ZN5Print5printEji                                Print.cpp.o (symbol from plugin)
_ZN5Print5printEli                                Print.cpp.o (symbol from plugin)
_ZN5Print5printEmi                                Print.cpp.o (symbol from plugin)
_ZN5Print5writeEPKc                               Print.cpp.o (symbol from plugin)
_ZN5Print5writeEPKhj                              Print.cpp.o (symbol from plugin)
                                                  LiquidCrystal_I2C.cpp.o (symbol from plugin)
                                                  HardwareSerial.cpp.o (symbol from plugin)
_ZN5Print7printlnEPK19__FlashStringHelper         Print.cpp.o (symbol from plugin)
_ZN5Print7printlnEPKc                             Print.cpp.o (symbol from plugin)
_ZN5Print7printlnERK6String                       Print.cpp.o (symbol from plugin)
_ZN5Print7printlnERK9Printable                    Print.cpp.o (symbol from plugin)
_ZN5Print7printlnEc                               Print.cpp.o (symbol from plugin)
_ZN5Print7printlnEdi                              Print.cpp.o (symbol from plugin)
_ZN5Print7printlnEhi                              Print.cpp.o (symbol from plugin)
_ZN5Print7printlnEii                              Print.cpp.o (symbol from plugin)
_ZN5Print7printlnEji                              Print.cpp.o (symbol from plugin)
_ZN5Print7printlnEli                              Print.cpp.o (symbol from plugin)
_ZN5Print7printlnEmi                              Print.cpp.o (symbol from plugin)
_ZN5Print7printlnEv                               Print.cpp.o (symbol from plugin)
                                                  CmdMessenger.cpp.o (symbol from plugin)
_ZN5Servo16readMicrosecondsEv                     Servo.cpp.o (symbol from plugin)
_ZN5Servo17writeMicrosecondsEi                    Servo.cpp.o (symbol from plugin)
_ZN5Servo4readEv                                  Servo.cpp.o (symbol from plugin)
_ZN5Servo5writeEi                                 Servo.cpp.o (symbol from plugin)
                                                  MFServo.cpp.o (symbol from plugin)
_ZN5Servo6attachEi                                Servo.cpp.o (symbol from plugin)
                                                  MFServo.cpp.o (symbol from plugin)
_ZN5Servo6attachEiii                              Servo.cpp.o (symbol from plugin)
_ZN5Servo6detachEv                                Servo.cpp.o (symbol from plugin)
                                                  MFServo.cpp.o (symbol from plugin)
_ZN5Servo8attachedEv                              Servo.cpp.o (symbol from plugin)
_ZN5ServoC1Ev                                     Servo.cpp.o (symbol from plugin)
                                                  MFServo.cpp.o (symbol from plugin)
_ZN5ServoC2Ev                                     Servo.cpp.o (symbol from plugin)
_ZN6Stream10parseFloatE13LookaheadModec           Stream.cpp.o (symbol from plugin)
_ZN6Stream10readStringEv                          Stream.cpp.o (symbol from plugin)
_ZN6Stream10setTimeoutEm                          Stream.cpp.o (symbol from plugin)
_ZN6Stream13peekNextDigitE13LookaheadModeb        Stream.cpp.o (symbol from plugin)
_ZN6Stream14readBytesUntilEcPcj                   Stream.cpp.o (symbol from plugin)
_ZN6Stream15readStringUntilEc                     Stream.cpp.o (symbol from plugin)
_ZN6Stream4findEPc                                Stream.cpp.o (symbol from plugin)
_ZN6Stream4findEPcj                               Stream.cpp.o (symbol from plugin)
_ZN6Stream8parseIntE13LookaheadModec              Stream.cpp.o (symbol from plugin)
_ZN6Stream9findMultiEPNS_11MultiTargetEi          Stream.cpp.o (symbol from plugin)
_ZN6Stream9findUntilEPcS0_                        Stream.cpp.o (symbol from plugin)
_ZN6Stream9findUntilEPcjS0_j                      Stream.cpp.o (symbol from plugin)
_ZN6Stream9readBytesEPcj                          Stream.cpp.o (symbol from plugin)
                                                  CmdMessenger.cpp.o (symbol from plugin)
_ZN6Stream9timedPeekEv                            Stream.cpp.o (symbol from plugin)
_ZN6Stream9timedReadEv                            Stream.cpp.o (symbol from plugin)
_ZN6String10invalidateEv                          WString.cpp.o (symbol from plugin)
_ZN6String11toLowerCaseEv                         WString.cpp.o (symbol from plugin)
_ZN6String11toUpperCaseEv                         WString.cpp.o (symbol from plugin)
_ZN6String12changeBufferEj                        WString.cpp.o (symbol from plugin)
_ZN6String4copyEPK19__FlashStringHelperj          WString.cpp.o (symbol from plugin)
_ZN6String4copyEPKcj                              WString.cpp.o (symbol from plugin)
_ZN6String4moveERS_                               WString.cpp.o (symbol from plugin)
_ZN6String4trimEv                                 WString.cpp.o (symbol from plugin)
_ZN6String6concatEPK19__FlashStringHelper         WString.cpp.o (symbol from plugin)
_ZN6String6concatEPKc                             WString.cpp.o (symbol from plugin)
_ZN6String6concatEPKcj                            WString.cpp.o (symbol from plugin)
_ZN6String6concatERKS_                            WString.cpp.o (symbol from plugin)
_ZN6String6concatEc                               WString.cpp.o (symbol from plugin)
                                                  Stream.cpp.o (symbol from plugin)
_ZN6String6concatEd                               WString.cpp.o (symbol from plugin)
_ZN6String6concatEf                               WString.cpp.o (symbol from plugin)
_ZN6String6concatEh                               WString.cpp.o (symbol from plugin)
_ZN6String6concatEi                               WString.cpp.o (symbol from plugin)
_ZN6String6concatEj                               WString.cpp.o (symbol from plugin)
_ZN6String6concatEl                               WString.cpp.o (symbol from plugin)
_ZN6String6concatEm                               WString.cpp.o (symbol from plugin)
_ZN6String6removeEj                               WString.cpp.o (symbol from plugin)
_ZN6String6removeEjj                              WString.cpp.o (symbol from plugin)
_ZN6String7replaceERKS_S1_                        WString.cpp.o (symbol from plugin)
_ZN6String7replaceEcc                             WString.cpp.o (symbol from plugin)
_ZN6String7reserveEj                              WString.cpp.o (symbol from plugin)
_ZN6String9setCharAtEjc                           WString.cpp.o (symbol from plugin)
_ZN6StringC1EO15StringSumHelper                   WString.cpp.o (symbol from plugin)
_ZN6StringC1EOS_                                  WString.cpp.o (symbol from plugin)
_ZN6StringC1EPK19__FlashStringHelper              WString.cpp.o (symbol from plugin)
_ZN6StringC1EPKc                                  WString.cpp.o (symbol from plugin)
                                                  Stream.cpp.o (symbol from plugin)
                                                  MFSegments.cpp.o (symbol from plugin)
                                                  .pio\build\mega debug\src\mobiflight.ino.cpp.o (symbol from plugin)
_ZN6StringC1ERKS_                                 WString.cpp.o (symbol from plugin)
_ZN6StringC1Ec                                    WString.cpp.o (symbol from plugin)
_ZN6StringC1Edh                                   WString.cpp.o (symbol from plugin)
_ZN6StringC1Efh                                   WString.cpp.o (symbol from plugin)
_ZN6StringC1Ehh                                   WString.cpp.o (symbol from plugin)
_ZN6StringC1Eih                                   WString.cpp.o (symbol from plugin)
_ZN6StringC1Ejh                                   WString.cpp.o (symbol from plugin)
_ZN6StringC1Elh                                   WString.cpp.o (symbol from plugin)
_ZN6StringC1Emh                                   WString.cpp.o (symbol from plugin)
_ZN6StringC2EO15StringSumHelper                   WString.cpp.o (symbol from plugin)
_ZN6StringC2EOS_                                  WString.cpp.o (symbol from plugin)
_ZN6StringC2EPK19__FlashStringHelper              WString.cpp.o (symbol from plugin)
_ZN6StringC2EPKc                                  WString.cpp.o (symbol from plugin)
_ZN6StringC2ERKS_                                 WString.cpp.o (symbol from plugin)
_ZN6StringC2Ec                                    WString.cpp.o (symbol from plugin)
_ZN6StringC2Edh                                   WString.cpp.o (symbol from plugin)
_ZN6StringC2Efh                                   WString.cpp.o (symbol from plugin)
_ZN6StringC2Ehh                                   WString.cpp.o (symbol from plugin)
_ZN6StringC2Eih                                   WString.cpp.o (symbol from plugin)
_ZN6StringC2Ejh                                   WString.cpp.o (symbol from plugin)
_ZN6StringC2Elh                                   WString.cpp.o (symbol from plugin)
_ZN6StringC2Emh                                   WString.cpp.o (symbol from plugin)
_ZN6StringD1Ev                                    WString.cpp.o (symbol from plugin)
                                                  MFSegments.cpp.o (symbol from plugin)
                                                  .pio\build\mega debug\src\mobiflight.ino.cpp.o (symbol from plugin)
_ZN6StringD2Ev                                    WString.cpp.o (symbol from plugin)
_ZN6StringaSEO15StringSumHelper                   WString.cpp.o (symbol from plugin)
_ZN6StringaSEOS_                                  WString.cpp.o (symbol from plugin)
_ZN6StringaSEPK19__FlashStringHelper              WString.cpp.o (symbol from plugin)
_ZN6StringaSEPKc                                  WString.cpp.o (symbol from plugin)
_ZN6StringaSERKS_                                 WString.cpp.o (symbol from plugin)
_ZN6StringixEj                                    WString.cpp.o (symbol from plugin)
_ZN7MFServo16setExternalRangeEii                  MFServo.cpp.o (symbol from plugin)
_ZN7MFServo16setInternalRangeEii                  MFServo.cpp.o (symbol from plugin)
_ZN7MFServo6attachEhb                             MFServo.cpp.o (symbol from plugin)
                                                  .pio\build\mega debug\src\mobiflight.ino.cpp.o (symbol from plugin)
_ZN7MFServo6detachEv                              MFServo.cpp.o (symbol from plugin)
                                                  .pio\build\mega debug\src\mobiflight.ino.cpp.o (symbol from plugin)
_ZN7MFServo6moveToEi                              MFServo.cpp.o (symbol from plugin)
                                                  .pio\build\mega debug\src\mobiflight.ino.cpp.o (symbol from plugin)
_ZN7MFServo6updateEv                              MFServo.cpp.o (symbol from plugin)
                                                  .pio\build\mega debug\src\mobiflight.ino.cpp.o (symbol from plugin)
_ZN7MFServoC1Ehb                                  MFServo.cpp.o (symbol from plugin)
_ZN7MFServoC1Ev                                   MFServo.cpp.o (symbol from plugin)
                                                  .pio\build\mega debug\src\mobiflight.ino.cpp.o (symbol from plugin)
_ZN7MFServoC2Ehb                                  MFServo.cpp.o (symbol from plugin)
_ZN7MFServoC2Ev                                   MFServo.cpp.o (symbol from plugin)
_ZN7TwoWire11requestFromEhh                       Wire.cpp.o (symbol from plugin)
_ZN7TwoWire11requestFromEhhh                      Wire.cpp.o (symbol from plugin)
_ZN7TwoWire11requestFromEhhmhh                    Wire.cpp.o (symbol from plugin)
_ZN7TwoWire11requestFromEii                       Wire.cpp.o (symbol from plugin)
_ZN7TwoWire11requestFromEiii                      Wire.cpp.o (symbol from plugin)
_ZN7TwoWire12transmittingE                        Wire.cpp.o (symbol from plugin)
_ZN7TwoWire13rxBufferIndexE                       Wire.cpp.o (symbol from plugin)
_ZN7TwoWire13txBufferIndexE                       Wire.cpp.o (symbol from plugin)
_ZN7TwoWire14rxBufferLengthE                      Wire.cpp.o (symbol from plugin)
_ZN7TwoWire14setWireTimeoutEmb                    Wire.cpp.o (symbol from plugin)
_ZN7TwoWire14txBufferLengthE                      Wire.cpp.o (symbol from plugin)
_ZN7TwoWire14user_onReceiveE                      Wire.cpp.o (symbol from plugin)
_ZN7TwoWire14user_onRequestE                      Wire.cpp.o (symbol from plugin)
_ZN7TwoWire15endTransmissionEh                    Wire.cpp.o (symbol from plugin)
_ZN7TwoWire15endTransmissionEv                    Wire.cpp.o (symbol from plugin)
                                                  LiquidCrystal_I2C.cpp.o (symbol from plugin)
_ZN7TwoWire16onReceiveServiceEPhi                 Wire.cpp.o (symbol from plugin)
_ZN7TwoWire16onRequestServiceEv                   Wire.cpp.o (symbol from plugin)
_ZN7TwoWire17beginTransmissionEh                  Wire.cpp.o (symbol from plugin)
                                                  LiquidCrystal_I2C.cpp.o (symbol from plugin)
_ZN7TwoWire17beginTransmissionEi                  Wire.cpp.o (symbol from plugin)
_ZN7TwoWire18getWireTimeoutFlagEv                 Wire.cpp.o (symbol from plugin)
_ZN7TwoWire20clearWireTimeoutFlagEv               Wire.cpp.o (symbol from plugin)
_ZN7TwoWire3endEv                                 Wire.cpp.o (symbol from plugin)
_ZN7TwoWire4peekEv                                Wire.cpp.o (symbol from plugin)
_ZN7TwoWire4readEv                                Wire.cpp.o (symbol from plugin)
_ZN7TwoWire5beginEh                               Wire.cpp.o (symbol from plugin)
_ZN7TwoWire5beginEi                               Wire.cpp.o (symbol from plugin)
_ZN7TwoWire5beginEv                               Wire.cpp.o (symbol from plugin)
                                                  LiquidCrystal_I2C.cpp.o (symbol from plugin)
_ZN7TwoWire5flushEv                               Wire.cpp.o (symbol from plugin)
_ZN7TwoWire5writeEPKhj                            Wire.cpp.o (symbol from plugin)
_ZN7TwoWire5writeEh                               Wire.cpp.o (symbol from plugin)
_ZN7TwoWire8rxBufferE                             Wire.cpp.o (symbol from plugin)
_ZN7TwoWire8setClockEm                            Wire.cpp.o (symbol from plugin)
_ZN7TwoWire8txBufferE                             Wire.cpp.o (symbol from plugin)
_ZN7TwoWire9availableEv                           Wire.cpp.o (symbol from plugin)
_ZN7TwoWire9onReceiveEPFviE                       Wire.cpp.o (symbol from plugin)
_ZN7TwoWire9onRequestEPFvvE                       Wire.cpp.o (symbol from plugin)
_ZN7TwoWire9txAddressE                            Wire.cpp.o (symbol from plugin)
_ZN7TwoWireC1Ev                                   Wire.cpp.o (symbol from plugin)